Archive member included to satisfy reference by file (symbol)

C:/ST/STM32CubeIDE_1.14.0/STM32CubeIDE/plugins/com.st.stm32cube.ide.mcu.externaltools.gnu-tools-for-stm32.11.3.rel1.win32_1.1.100.202309141235/tools/bin/../lib/gcc/arm-none-eabi/11.3.1/../../../../arm-none-eabi/lib/thumb/v7-m/nofp\libc_nano.a(libc_a-exit.o)
                              C:/ST/STM32CubeIDE_1.14.0/STM32CubeIDE/plugins/com.st.stm32cube.ide.mcu.externaltools.gnu-tools-for-stm32.11.3.rel1.win32_1.1.100.202309141235/tools/bin/../lib/gcc/arm-none-eabi/11.3.1/../../../../arm-none-eabi/lib/thumb/v7-m/nofp/crt0.o (exit)
C:/ST/STM32CubeIDE_1.14.0/STM32CubeIDE/plugins/com.st.stm32cube.ide.mcu.externaltools.gnu-tools-for-stm32.11.3.rel1.win32_1.1.100.202309141235/tools/bin/../lib/gcc/arm-none-eabi/11.3.1/../../../../arm-none-eabi/lib/thumb/v7-m/nofp\libc_nano.a(libc_a-findfp.o)
                              C:/ST/STM32CubeIDE_1.14.0/STM32CubeIDE/plugins/com.st.stm32cube.ide.mcu.externaltools.gnu-tools-for-stm32.11.3.rel1.win32_1.1.100.202309141235/tools/bin/../lib/gcc/arm-none-eabi/11.3.1/../../../../arm-none-eabi/lib/thumb/v7-m/nofp\libc_nano.a(libc_a-exit.o) (__stdio_exit_handler)
C:/ST/STM32CubeIDE_1.14.0/STM32CubeIDE/plugins/com.st.stm32cube.ide.mcu.externaltools.gnu-tools-for-stm32.11.3.rel1.win32_1.1.100.202309141235/tools/bin/../lib/gcc/arm-none-eabi/11.3.1/../../../../arm-none-eabi/lib/thumb/v7-m/nofp\libc_nano.a(libc_a-fwalk.o)
                              C:/ST/STM32CubeIDE_1.14.0/STM32CubeIDE/plugins/com.st.stm32cube.ide.mcu.externaltools.gnu-tools-for-stm32.11.3.rel1.win32_1.1.100.202309141235/tools/bin/../lib/gcc/arm-none-eabi/11.3.1/../../../../arm-none-eabi/lib/thumb/v7-m/nofp\libc_nano.a(libc_a-findfp.o) (_fwalk_sglue)
C:/ST/STM32CubeIDE_1.14.0/STM32CubeIDE/plugins/com.st.stm32cube.ide.mcu.externaltools.gnu-tools-for-stm32.11.3.rel1.win32_1.1.100.202309141235/tools/bin/../lib/gcc/arm-none-eabi/11.3.1/../../../../arm-none-eabi/lib/thumb/v7-m/nofp\libc_nano.a(libc_a-stdio.o)
                              C:/ST/STM32CubeIDE_1.14.0/STM32CubeIDE/plugins/com.st.stm32cube.ide.mcu.externaltools.gnu-tools-for-stm32.11.3.rel1.win32_1.1.100.202309141235/tools/bin/../lib/gcc/arm-none-eabi/11.3.1/../../../../arm-none-eabi/lib/thumb/v7-m/nofp\libc_nano.a(libc_a-findfp.o) (__sread)
C:/ST/STM32CubeIDE_1.14.0/STM32CubeIDE/plugins/com.st.stm32cube.ide.mcu.externaltools.gnu-tools-for-stm32.11.3.rel1.win32_1.1.100.202309141235/tools/bin/../lib/gcc/arm-none-eabi/11.3.1/../../../../arm-none-eabi/lib/thumb/v7-m/nofp\libc_nano.a(libc_a-memset.o)
                              C:/ST/STM32CubeIDE_1.14.0/STM32CubeIDE/plugins/com.st.stm32cube.ide.mcu.externaltools.gnu-tools-for-stm32.11.3.rel1.win32_1.1.100.202309141235/tools/bin/../lib/gcc/arm-none-eabi/11.3.1/../../../../arm-none-eabi/lib/thumb/v7-m/nofp/crt0.o (memset)
C:/ST/STM32CubeIDE_1.14.0/STM32CubeIDE/plugins/com.st.stm32cube.ide.mcu.externaltools.gnu-tools-for-stm32.11.3.rel1.win32_1.1.100.202309141235/tools/bin/../lib/gcc/arm-none-eabi/11.3.1/../../../../arm-none-eabi/lib/thumb/v7-m/nofp\libc_nano.a(libc_a-closer.o)
                              C:/ST/STM32CubeIDE_1.14.0/STM32CubeIDE/plugins/com.st.stm32cube.ide.mcu.externaltools.gnu-tools-for-stm32.11.3.rel1.win32_1.1.100.202309141235/tools/bin/../lib/gcc/arm-none-eabi/11.3.1/../../../../arm-none-eabi/lib/thumb/v7-m/nofp\libc_nano.a(libc_a-stdio.o) (_close_r)
C:/ST/STM32CubeIDE_1.14.0/STM32CubeIDE/plugins/com.st.stm32cube.ide.mcu.externaltools.gnu-tools-for-stm32.11.3.rel1.win32_1.1.100.202309141235/tools/bin/../lib/gcc/arm-none-eabi/11.3.1/../../../../arm-none-eabi/lib/thumb/v7-m/nofp\libc_nano.a(libc_a-reent.o)
                              C:/ST/STM32CubeIDE_1.14.0/STM32CubeIDE/plugins/com.st.stm32cube.ide.mcu.externaltools.gnu-tools-for-stm32.11.3.rel1.win32_1.1.100.202309141235/tools/bin/../lib/gcc/arm-none-eabi/11.3.1/../../../../arm-none-eabi/lib/thumb/v7-m/nofp\libc_nano.a(libc_a-closer.o) (errno)
C:/ST/STM32CubeIDE_1.14.0/STM32CubeIDE/plugins/com.st.stm32cube.ide.mcu.externaltools.gnu-tools-for-stm32.11.3.rel1.win32_1.1.100.202309141235/tools/bin/../lib/gcc/arm-none-eabi/11.3.1/../../../../arm-none-eabi/lib/thumb/v7-m/nofp\libc_nano.a(libc_a-impure.o)
                              C:/ST/STM32CubeIDE_1.14.0/STM32CubeIDE/plugins/com.st.stm32cube.ide.mcu.externaltools.gnu-tools-for-stm32.11.3.rel1.win32_1.1.100.202309141235/tools/bin/../lib/gcc/arm-none-eabi/11.3.1/../../../../arm-none-eabi/lib/thumb/v7-m/nofp\libc_nano.a(libc_a-reent.o) (_impure_ptr)
C:/ST/STM32CubeIDE_1.14.0/STM32CubeIDE/plugins/com.st.stm32cube.ide.mcu.externaltools.gnu-tools-for-stm32.11.3.rel1.win32_1.1.100.202309141235/tools/bin/../lib/gcc/arm-none-eabi/11.3.1/../../../../arm-none-eabi/lib/thumb/v7-m/nofp\libc_nano.a(libc_a-lseekr.o)
[...]
Memory Configuration

Name             Origin             Length             Attributes
RAM              0x0000000020000000 0x0000000000002800 xrw
FLASH            0x0000000008000000 0x0000000000008000 xr
*default*        0x0000000000000000 0xffffffffffffffff

Linker script and memory map

LOAD C:/ST/STM32CubeIDE_1.14.0/STM32CubeIDE/plugins/com.st.stm32cube.ide.mcu.externaltools.gnu-tools-for-stm32.11.3.rel1.win32_1.1.100.202309141235/tools/bin/../lib/gcc/arm-none-eabi/11.3.1/thumb/v7-m/nofp/crti.o
LOAD C:/ST/STM32CubeIDE_1.14.0/STM32CubeIDE/plugins/com.st.stm32cube.ide.mcu.externaltools.gnu-tools-for-stm32.11.3.rel1.win32_1.1.100.202309141235/tools/bin/../lib/gcc/arm-none-eabi/11.3.1/thumb/v7-m/nofp/crtbegin.o
LOAD C:/ST/STM32CubeIDE_1.14.0/STM32CubeIDE/plugins/com.st.stm32cube.ide.mcu.externaltools.gnu-tools-for-stm32.11.3.rel1.win32_1.1.100.202309141235/tools/bin/../lib/gcc/arm-none-eabi/11.3.1/../../../../arm-none-eabi/lib/thumb/v7-m/nofp/crt0.o
LOAD ./Core/Src/auto_mode.o
LOAD ./Core/Src/button.o
LOAD ./Core/Src/configure_mode.o
LOAD ./Core/Src/control_display.o
LOAD ./Core/Src/global.o
LOAD ./Core/Src/main.o
LOAD ./Core/Src/software_timer.o
LOAD ./Core/Src/stm32f1xx_hal_msp.o
LOAD ./Core/Src/stm32f1xx_it.o
LOAD ./Core/Src/syscalls.o
LOAD ./Core/Src/sysmem.o
LOAD ./Core/Src/system_stm32f1xx.o
LOAD ./Core/Src/trafic_light.o
LOAD ./Core/Startup/startup_stm32f103c6ux.o
LOAD ./Drivers/STM32F1xx_HAL_Driver/Src/stm32f1xx_hal.o
LOAD ./Drivers/STM32F1xx_HAL_Driver/Src/stm32f1xx_hal_cortex.o
LOAD ./Drivers/STM32F1xx_HAL_Driver/Src/stm32f1xx_hal_dma.o
LOAD ./Drivers/STM32F1xx_HAL_Driver/Src/stm32f1xx_hal_exti.o
LOAD ./Drivers/STM32F1xx_HAL_Driver/Src/stm32f1xx_hal_flash.o
LOAD ./Drivers/STM32F1xx_HAL_Driver/Src/stm32f1xx_hal_flash_ex.o
LOAD ./Drivers/STM32F1xx_HAL_Driver/Src/stm32f1xx_hal_gpio.o
LOAD ./Drivers/STM32F1xx_HAL_Driver/Src/stm32f1xx_hal_gpio_ex.o
LOAD ./Drivers/STM32F1xx_HAL_Driver/Src/stm32f1xx_hal_pwr.o
LOAD ./Drivers/STM32F1xx_HAL_Driver/Src/stm32f1xx_hal_rcc.o
LOAD ./Drivers/STM32F1xx_HAL_Driver/Src/stm32f1xx_hal_rcc_ex.o
LOAD ./Drivers/STM32F1xx_HAL_Driver/Src/stm32f1xx_hal_tim.o
LOAD ./Drivers/STM32F1xx_HAL_Driver/Src/stm32f1xx_hal_tim_ex.o
START GROUP
LOAD C:/ST/STM32CubeIDE_1.14.0/STM32CubeIDE/plugins/com.st.stm32cube.ide.mcu.externaltools.gnu-tools-for-stm32.11.3.rel1.win32_1.1.100.202309141235/tools/bin/../lib/gcc/arm-none-eabi/11.3.1/../../../../arm-none-eabi/lib/thumb/v7-m/nofp\libc_nano.a
LOAD C:/ST/STM32CubeIDE_1.14.0/STM32CubeIDE/plugins/com.st.stm32cube.ide.mcu.externaltools.gnu-tools-for-stm32.11.3.rel1.win32_1.1.100.202309141235/tools/bin/../lib/gcc/arm-none-eabi/11.3.1/../../../../arm-none-eabi/lib/thumb/v7-m/nofp\libm.a
END GROUP
START GROUP
LOAD C:/ST/STM32CubeIDE_1.14.0/STM32CubeIDE/plugins/com.st.stm32cube.ide.mcu.externaltools.gnu-tools-for-stm32.11.3.rel1.win32_1.1.100.202309141235/tools/bin/../lib/gcc/arm-none-eabi/11.3.1/thumb/v7-m/nofp\libgcc.a
LOAD C:/ST/STM32CubeIDE_1.14.0/STM32CubeIDE/plugins/com.st.stm32cube.ide.mcu.externaltools.gnu-tools-for-stm32.11.3.rel1.win32_1.1.100.202309141235/tools/bin/../lib/gcc/arm-none-eabi/11.3.1/../../../../arm-none-eabi/lib/thumb/v7-m/nofp\libc_nano.a
END GROUP
START GROUP
LOAD C:/ST/STM32CubeIDE_1.14.0/STM32CubeIDE/plugins/com.st.stm32cube.ide.mcu.externaltools.gnu-tools-for-stm32.11.3.rel1.win32_1.1.100.202309141235/tools/bin/../lib/gcc/arm-none-eabi/11.3.1/thumb/v7-m/nofp\libgcc.a
LOAD C:/ST/STM32CubeIDE_1.14.0/STM32CubeIDE/plugins/com.st.stm32cube.ide.mcu.externaltools.gnu-tools-for-stm32.11.3.rel1.win32_1.1.100.202309141235/tools/bin/../lib/gcc/arm-none-eabi/11.3.1/../../../../arm-none-eabi/lib/thumb/v7-m/nofp\libc_nano.a
LOAD C:/ST/STM32CubeIDE_1.14.0/STM32CubeIDE/plugins/com.st.stm32cube.ide.mcu.externaltools.gnu-tools-for-stm32.11.3.rel1.win32_1.1.100.202309141235/tools/bin/../lib/gcc/arm-none-eabi/11.3.1/../../../../arm-none-eabi/lib/thumb/v7-m/nofp\libnosys.a
END GROUP
START GROUP
LOAD C:/ST/STM32CubeIDE_1.14.0/STM32CubeIDE/plugins/com.st.stm32cube.ide.mcu.externaltools.gnu-tools-for-stm32.11.3.rel1.win32_1.1.100.202309141235/tools/bin/../lib/gcc/arm-none-eabi/11.3.1/thumb/v7-m/nofp\libgcc.a
LOAD C:/ST/STM32CubeIDE_1.14.0/STM32CubeIDE/plugins/com.st.stm32cube.ide.mcu.externaltools.gnu-tools-for-stm32.11.3.rel1.win32_1.1.100.202309141235/tools/bin/../lib/gcc/arm-none-eabi/11.3.1/../../../../arm-none-eabi/lib/thumb/v7-m/nofp\libc_nano.a
LOAD C:/ST/STM32CubeIDE_1.14.0/STM32CubeIDE/plugins/com.st.stm32cube.ide.mcu.externaltools.gnu-tools-for-stm32.11.3.rel1.win32_1.1.100.202309141235/tools/bin/../lib/gcc/arm-none-eabi/11.3.1/../../../../arm-none-eabi/lib/thumb/v7-m/nofp\libnosys.a
END GROUP
LOAD C:/ST/STM32CubeIDE_1.14.0/STM32CubeIDE/plugins/com.st.stm32cube.ide.mcu.externaltools.gnu-tools-for-stm32.11.3.rel1.win32_1.1.100.202309141235/tools/bin/../lib/gcc/arm-none-eabi/11.3.1/thumb/v7-m/nofp/crtend.o
LOAD C:/ST/STM32CubeIDE_1.14.0/STM32CubeIDE/plugins/com.st.stm32cube.ide.mcu.externaltools.gnu-tools-for-stm32.11.3.rel1.win32_1.1.100.202309141235/tools/bin/../lib/gcc/arm-none-eabi/11.3.1/thumb/v7-m/nofp/crtn.o
                0x0000000020002800                _estack = (ORIGIN (RAM) + LENGTH (RAM))
                0x0000000000000200                _Min_Heap_Size = 0x200
                0x0000000000000400                _Min_Stack_Size = 0x400

.isr_vector     0x0000000008000000      0x10c
                0x0000000008000000                . = ALIGN (0x4)
 *(.isr_vector)
 .isr_vector    0x0000000008000000      0x10c ./Core/Startup/startup_stm32f103c6ux.o
                0x0000000008000000                g_pfnVectors
                0x000000000800010c                . = ALIGN (0x4)

.text           0x000000000800010c     0x27d8
                0x000000000800010c                . = ALIGN (0x4)
 *(.text)
 .text          0x000000000800010c       0x40 C:/ST/STM32CubeIDE_1.14.0/STM32CubeIDE/plugins/com.st.stm32cube.ide.mcu.externaltools.gnu-tools-for-stm32.11.3.rel1.win32_1.1.100.202309141235/tools/bin/../lib/gcc/arm-none-eabi/11.3.1/thumb/v7-m/nofp/crtbegin.o
 *(.text*)
 .text.auto_mode
                0x000000000800014c      0x13c ./Core/Src/auto_mode.o
                0x000000000800014c                auto_mode
 .text.button_reading
                0x0000000008000288      0x114 ./Core/Src/button.o
                0x0000000008000288                button_reading
 .text.is_button_pressed
                0x000000000800039c       0x34 ./Core/Src/button.o
                0x000000000800039c                is_button_pressed
 .text.is_button_long_pressed
                0x00000000080003d0       0x34 ./Core/Src/button.o
                0x00000000080003d0                is_button_long_pressed
 .text.fsm_button
                0x0000000008000404       0xd0 ./Core/Src/button.o
                0x0000000008000404                fsm_button
 .text.configure_mode
                0x00000000080004d4      0x30c ./Core/Src/configure_mode.o
                0x00000000080004d4                configure_mode
 .text.display7SEG
                0x00000000080007e0      0x110 ./Core/Src/control_display.o
                0x00000000080007e0                display7SEG
 .text.update7SEG
                0x00000000080008f0       0x58 ./Core/Src/control_display.o
                0x00000000080008f0                update7SEG
 .text.init_running
                0x0000000008000948       0x50 ./Core/Src/global.o
                0x0000000008000948                init_running
 .text.main     0x0000000008000998       0x8c ./Core/Src/main.o
                0x0000000008000998                main
 .text.SystemClock_Config
                0x0000000008000a24       0x76 ./Core/Src/main.o
                0x0000000008000a24                SystemClock_Config
 *fill*         0x0000000008000a9a        0x2 
 .text.MX_TIM2_Init
                0x0000000008000a9c       0x98 ./Core/Src/main.o
 .text.MX_GPIO_Init
                0x0000000008000b34       0xc4 ./Core/Src/main.o
 .text.Error_Handler
                0x0000000008000bf8        0xa ./Core/Src/main.o
                0x0000000008000bf8                Error_Handler
 *fill*         0x0000000008000c02        0x2 
 .text.setTimer
                0x0000000008000c04       0x48 ./Core/Src/software_timer.o
                0x0000000008000c04                setTimer
 .text.timer_run
                0x0000000008000c4c       0x60 ./Core/Src/software_timer.o
                0x0000000008000c4c                timer_run
 .text.istimer_flag
                0x0000000008000cac       0x40 ./Core/Src/software_timer.o
                0x0000000008000cac                istimer_flag
 .text.HAL_TIM_PeriodElapsedCallback
                0x0000000008000cec       0x22 ./Core/Src/software_timer.o
                0x0000000008000cec                HAL_TIM_PeriodElapsedCallback
 *fill*         0x0000000008000d0e        0x2 
 .text.HAL_MspInit
                0x0000000008000d10       0x64 ./Core/Src/stm32f1xx_hal_msp.o
                0x0000000008000d10                HAL_MspInit
 .text.HAL_TIM_Base_MspInit
                0x0000000008000d74       0x48 ./Core/Src/stm32f1xx_hal_msp.o
                0x0000000008000d74                HAL_TIM_Base_MspInit
 .text.NMI_Handler
                0x0000000008000dbc        0x6 ./Core/Src/stm32f1xx_it.o
                0x0000000008000dbc                NMI_Handler
 .text.HardFault_Handler
                0x0000000008000dc2        0x6 ./Core/Src/stm32f1xx_it.o
                0x0000000008000dc2                HardFault_Handler
 .text.MemManage_Handler
                0x0000000008000dc8        0x6 ./Core/Src/stm32f1xx_it.o
                0x0000000008000dc8                MemManage_Handler
 .text.BusFault_Handler
                0x0000000008000dce        0x6 ./Core/Src/stm32f1xx_it.o
                0x0000000008000dce                BusFault_Handler
 .text.UsageFault_Handler
                0x0000000008000dd4        0x6 ./Core/Src/stm32f1xx_it.o
                0x0000000008000dd4                UsageFault_Handler
 .text.SVC_Handler
                0x0000000008000dda        0xc ./Core/Src/stm32f1xx_it.o
                0x0000000008000dda                SVC_Handler
 .text.DebugMon_Handler
                0x0000000008000de6        0xc ./Core/Src/stm32f1xx_it.o
                0x0000000008000de6                DebugMon_Handler
 .text.PendSV_Handler
                0x0000000008000df2        0xc ./Core/Src/stm32f1xx_it.o
                0x0000000008000df2                PendSV_Handler
 .text.SysTick_Handler
                0x0000000008000dfe        0xc ./Core/Src/stm32f1xx_it.o
                0x0000000008000dfe                SysTick_Handler
 *fill*         0x0000000008000e0a        0x2 
 .text.TIM2_IRQHandler
                0x0000000008000e0c       0x14 ./Core/Src/stm32f1xx_it.o
                0x0000000008000e0c                TIM2_IRQHandler
 .text.SystemInit
                0x0000000008000e20        0xc ./Core/Src/system_stm32f1xx.o
                0x0000000008000e20                SystemInit
 .text.trafic_light
                0x0000000008000e2c      0x420 ./Core/Src/trafic_light.o
                0x0000000008000e2c                trafic_light
 .text.Reset_Handler
                0x000000000800124c       0x48 ./Core/Startup/startup_stm32f103c6ux.o
                0x000000000800124c                Reset_Handler
 .text.Default_Handler
                0x0000000008001294        0x2 ./Core/Startup/startup_stm32f103c6ux.o
                0x0000000008001294                RTC_Alarm_IRQHandler
                0x0000000008001294                EXTI2_IRQHandler
                0x0000000008001294                TIM1_CC_IRQHandler
                0x0000000008001294                PVD_IRQHandler
                0x0000000008001294                EXTI3_IRQHandler
                0x0000000008001294                EXTI0_IRQHandler
                0x0000000008001294                ADC1_2_IRQHandler
                0x0000000008001294                SPI1_IRQHandler
                0x0000000008001294                TAMPER_IRQHandler
                0x0000000008001294                DMA1_Channel4_IRQHandler
                0x0000000008001294                RTC_IRQHandler
                0x0000000008001294                DMA1_Channel7_IRQHandler
                0x0000000008001294                CAN1_RX1_IRQHandler
                0x0000000008001294                I2C1_EV_IRQHandler
                0x0000000008001294                DMA1_Channel6_IRQHandler
                0x0000000008001294                TIM3_IRQHandler
                0x0000000008001294                RCC_IRQHandler
                0x0000000008001294                TIM1_TRG_COM_IRQHandler
                0x0000000008001294                DMA1_Channel1_IRQHandler
                0x0000000008001294                Default_Handler
                0x0000000008001294                EXTI15_10_IRQHandler
                0x0000000008001294                EXTI9_5_IRQHandler
                0x0000000008001294                DMA1_Channel5_IRQHandler
                0x0000000008001294                EXTI4_IRQHandler
                0x0000000008001294                USB_LP_CAN1_RX0_IRQHandler
                0x0000000008001294                USB_HP_CAN1_TX_IRQHandler
                0x0000000008001294                DMA1_Channel3_IRQHandler
                0x0000000008001294                TIM1_UP_IRQHandler
                0x0000000008001294                WWDG_IRQHandler
                0x0000000008001294                TIM1_BRK_IRQHandler
                0x0000000008001294                EXTI1_IRQHandler
                0x0000000008001294                USART2_IRQHandler
                0x0000000008001294                DMA1_Channel2_IRQHandler
                0x0000000008001294                CAN1_SCE_IRQHandler
                0x0000000008001294                FLASH_IRQHandler
                0x0000000008001294                USART1_IRQHandler
                0x0000000008001294                I2C1_ER_IRQHandler
                0x0000000008001294                USBWakeUp_IRQHandler
 *fill*         0x0000000008001296        0x2 
 .text.HAL_Init
                0x0000000008001298       0x2c ./Drivers/STM32F1xx_HAL_Driver/Src/stm32f1xx_hal.o
                0x0000000008001298                HAL_Init
 .text.HAL_InitTick
                0x00000000080012c4       0x60 ./Drivers/STM32F1xx_HAL_Driver/Src/stm32f1xx_hal.o
                0x00000000080012c4                HAL_InitTick
 .text.HAL_IncTick
                0x0000000008001324       0x24 ./Drivers/STM32F1xx_HAL_Driver/Src/stm32f1xx_hal.o
                0x0000000008001324                HAL_IncTick
 .text.HAL_GetTick
                0x0000000008001348       0x14 ./Drivers/STM32F1xx_HAL_Driver/Src/stm32f1xx_hal.o
                0x0000000008001348                HAL_GetTick
 .text.__NVIC_SetPriorityGrouping
                0x000000000800135c       0x48 ./Drivers/STM32F1xx_HAL_Driver/Src/stm32f1xx_hal_cortex.o
 .text.__NVIC_GetPriorityGrouping
                0x00000000080013a4       0x1c ./Drivers/STM32F1xx_HAL_Driver/Src/stm32f1xx_hal_cortex.o
 .text.__NVIC_EnableIRQ
                0x00000000080013c0       0x38 ./Drivers/STM32F1xx_HAL_Driver/Src/stm32f1xx_hal_cortex.o
 .text.__NVIC_SetPriority
                0x00000000080013f8       0x54 ./Drivers/STM32F1xx_HAL_Driver/Src/stm32f1xx_hal_cortex.o
 .text.NVIC_EncodePriority
                0x000000000800144c       0x64 ./Drivers/STM32F1xx_HAL_Driver/Src/stm32f1xx_hal_cortex.o
 .text.SysTick_Config
                0x00000000080014b0       0x44 ./Drivers/STM32F1xx_HAL_Driver/Src/stm32f1xx_hal_cortex.o
 .text.HAL_NVIC_SetPriorityGrouping
                0x00000000080014f4       0x16 ./Drivers/STM32F1xx_HAL_Driver/Src/stm32f1xx_hal_cortex.o
                0x00000000080014f4                HAL_NVIC_SetPriorityGrouping
 .text.HAL_NVIC_SetPriority
                0x000000000800150a       0x38 ./Drivers/STM32F1xx_HAL_Driver/Src/stm32f1xx_hal_cortex.o
                0x000000000800150a                HAL_NVIC_SetPriority
 .text.HAL_NVIC_EnableIRQ
                0x0000000008001542       0x1c ./Drivers/STM32F1xx_HAL_Driver/Src/stm32f1xx_hal_cortex.o
                0x0000000008001542                HAL_NVIC_EnableIRQ
 .text.HAL_SYSTICK_Config
                0x000000000800155e       0x18 ./Drivers/STM32F1xx_HAL_Driver/Src/stm32f1xx_hal_cortex.o
                0x000000000800155e                HAL_SYSTICK_Config
 *fill*         0x0000000008001576        0x2 
 .text.HAL_GPIO_Init
                0x0000000008001578      0x2f8 ./Drivers/STM32F1xx_HAL_Driver/Src/stm32f1xx_hal_gpio.o
                0x0000000008001578                HAL_GPIO_Init
 .text.HAL_GPIO_ReadPin
                0x0000000008001870       0x2e ./Drivers/STM32F1xx_HAL_Driver/Src/stm32f1xx_hal_gpio.o
                0x0000000008001870                HAL_GPIO_ReadPin
 .text.HAL_GPIO_WritePin
                0x000000000800189e       0x30 ./Drivers/STM32F1xx_HAL_Driver/Src/stm32f1xx_hal_gpio.o
                0x000000000800189e                HAL_GPIO_WritePin
 .text.HAL_GPIO_TogglePin
                0x00000000080018ce       0x32 ./Drivers/STM32F1xx_HAL_Driver/Src/stm32f1xx_hal_gpio.o
                0x00000000080018ce                HAL_GPIO_TogglePin
 .text.HAL_RCC_OscConfig
                0x0000000008001900      0x504 ./Drivers/STM32F1xx_HAL_Driver/Src/stm32f1xx_hal_rcc.o
                0x0000000008001900                HAL_RCC_OscConfig
 .text.HAL_RCC_ClockConfig
                0x0000000008001e04      0x1d4 ./Drivers/STM32F1xx_HAL_Driver/Src/stm32f1xx_hal_rcc.o
                0x0000000008001e04                HAL_RCC_ClockConfig
 .text.HAL_RCC_GetSysClockFreq
                0x0000000008001fd8       0xa8 ./Drivers/STM32F1xx_HAL_Driver/Src/stm32f1xx_hal_rcc.o
                0x0000000008001fd8                HAL_RCC_GetSysClockFreq
 .text.RCC_Delay
                0x0000000008002080       0x3c ./Drivers/STM32F1xx_HAL_Driver/Src/stm32f1xx_hal_rcc.o
 .text.HAL_TIM_Base_Init
                0x00000000080020bc       0x9e ./Drivers/STM32F1xx_HAL_Driver/Src/stm32f1xx_hal_tim.o
                0x00000000080020bc                HAL_TIM_Base_Init
 *fill*         0x000000000800215a        0x2 
 .text.HAL_TIM_Base_Start_IT
                0x000000000800215c       0x98 ./Drivers/STM32F1xx_HAL_Driver/Src/stm32f1xx_hal_tim.o
                0x000000000800215c                HAL_TIM_Base_Start_IT
 .text.HAL_TIM_IRQHandler
                0x00000000080021f4      0x1e0 ./Drivers/STM32F1xx_HAL_Driver/Src/stm32f1xx_hal_tim.o
                0x00000000080021f4                HAL_TIM_IRQHandler
 .text.HAL_TIM_ConfigClockSource
                0x00000000080023d4      0x18e ./Drivers/STM32F1xx_HAL_Driver/Src/stm32f1xx_hal_tim.o
                0x00000000080023d4                HAL_TIM_ConfigClockSource
 .text.HAL_TIM_OC_DelayElapsedCallback
                0x0000000008002562       0x12 ./Drivers/STM32F1xx_HAL_Driver/Src/stm32f1xx_hal_tim.o
                0x0000000008002562                HAL_TIM_OC_DelayElapsedCallback
 .text.HAL_TIM_IC_CaptureCallback
                0x0000000008002574       0x12 ./Drivers/STM32F1xx_HAL_Driver/Src/stm32f1xx_hal_tim.o
                0x0000000008002574                HAL_TIM_IC_CaptureCallback
 .text.HAL_TIM_PWM_PulseFinishedCallback
                0x0000000008002586       0x12 ./Drivers/STM32F1xx_HAL_Driver/Src/stm32f1xx_hal_tim.o
                0x0000000008002586                HAL_TIM_PWM_PulseFinishedCallback
 .text.HAL_TIM_TriggerCallback
                0x0000000008002598       0x12 ./Drivers/STM32F1xx_HAL_Driver/Src/stm32f1xx_hal_tim.o
                0x0000000008002598                HAL_TIM_TriggerCallback
 *fill*         0x00000000080025aa        0x2 
 .text.TIM_Base_SetConfig
                0x00000000080025ac       0xc8 ./Drivers/STM32F1xx_HAL_Driver/Src/stm32f1xx_hal_tim.o
                0x00000000080025ac                TIM_Base_SetConfig
 .text.TIM_TI1_ConfigInputStage
                0x0000000008002674       0x5c ./Drivers/STM32F1xx_HAL_Driver/Src/stm32f1xx_hal_tim.o
 .text.TIM_TI2_ConfigInputStage
                0x00000000080026d0       0x5e ./Drivers/STM32F1xx_HAL_Driver/Src/stm32f1xx_hal_tim.o
 .text.TIM_ITRx_SetConfig
                0x000000000800272e       0x34 ./Drivers/STM32F1xx_HAL_Driver/Src/stm32f1xx_hal_tim.o
 .text.TIM_ETR_SetConfig
                0x0000000008002762       0x3e ./Drivers/STM32F1xx_HAL_Driver/Src/stm32f1xx_hal_tim.o
                0x0000000008002762                TIM_ETR_SetConfig
 .text.HAL_TIMEx_MasterConfigSynchronization
                0x00000000080027a0       0xb0 ./Drivers/STM32F1xx_HAL_Driver/Src/stm32f1xx_hal_tim_ex.o
                0x00000000080027a0                HAL_TIMEx_MasterConfigSynchronization
 .text.HAL_TIMEx_CommutCallback
                0x0000000008002850       0x12 ./Drivers/STM32F1xx_HAL_Driver/Src/stm32f1xx_hal_tim_ex.o
                0x0000000008002850                HAL_TIMEx_CommutCallback
 .text.HAL_TIMEx_BreakCallback
                0x0000000008002862       0x12 ./Drivers/STM32F1xx_HAL_Driver/Src/stm32f1xx_hal_tim_ex.o
                0x0000000008002862                HAL_TIMEx_BreakCallback
 .text.memset   0x0000000008002874       0x10 C:/ST/STM32CubeIDE_1.14.0/STM32CubeIDE/plugins/com.st.stm32cube.ide.mcu.externaltools.gnu-tools-for-stm32.11.3.rel1.win32_1.1.100.202309141235/tools/bin/../lib/gcc/arm-none-eabi/11.3.1/../../../../arm-none-eabi/lib/thumb/v7-m/nofp\libc_nano.a(libc_a-memset.o)
                0x0000000008002874                memset
 .text.__libc_init_array
                0x0000000008002884       0x48 C:/ST/STM32CubeIDE_1.14.0/STM32CubeIDE/plugins/com.st.stm32cube.ide.mcu.externaltools.gnu-tools-for-stm32.11.3.rel1.win32_1.1.100.202309141235/tools/bin/../lib/gcc/arm-none-eabi/11.3.1/../../../../arm-none-eabi/lib/thumb/v7-m/nofp\libc_nano.a(libc_a-init.o)
                0x0000000008002884                __libc_init_array
 *(.glue_7)
 .glue_7        0x00000000080028cc        0x0 linker stubs
 *(.glue_7t)
 .glue_7t       0x00000000080028cc        0x0 linker stubs
 *(.eh_frame)
 .eh_frame      0x00000000080028cc        0x0 C:/ST/STM32CubeIDE_1.14.0/STM32CubeIDE/plugins/com.st.stm32cube.ide.mcu.externaltools.gnu-tools-for-stm32.11.3.rel1.win32_1.1.100.202309141235/tools/bin/../lib/gcc/arm-none-eabi/11.3.1/thumb/v7-m/nofp/crtbegin.o
 *(.init)
 .init          0x00000000080028cc        0x4 C:/ST/STM32CubeIDE_1.14.0/STM32CubeIDE/plugins/com.st.stm32cube.ide.mcu.externaltools.gnu-tools-for-stm32.11.3.rel1.win32_1.1.100.202309141235/tools/bin/../lib/gcc/arm-none-eabi/11.3.1/thumb/v7-m/nofp/crti.o
                0x00000000080028cc                _init
 .init          0x00000000080028d0        0x8 C:/ST/STM32CubeIDE_1.14.0/STM32CubeIDE/plugins/com.st.stm32cube.ide.mcu.externaltools.gnu-tools-for-stm32.11.3.rel1.win32_1.1.100.202309141235/tools/bin/../lib/gcc/arm-none-eabi/11.3.1/thumb/v7-m/nofp/crtn.o
 *(.fini)
 .fini          0x00000000080028d8        0x4 C:/ST/STM32CubeIDE_1.14.0/STM32CubeIDE/plugins/com.st.stm32cube.ide.mcu.externaltools.gnu-tools-for-stm32.11.3.rel1.win32_1.1.100.202309141235/tools/bin/../lib/gcc/arm-none-eabi/11.3.1/thumb/v7-m/nofp/crti.o
                0x00000000080028d8                _fini
 .fini          0x00000000080028dc        0x8 C:/ST/STM32CubeIDE_1.14.0/STM32CubeIDE/plugins/com.st.stm32cube.ide.mcu.externaltools.gnu-tools-for-stm32.11.3.rel1.win32_1.1.100.202309141235/tools/bin/../lib/gcc/arm-none-eabi/11.3.1/thumb/v7-m/nofp/crtn.o
                0x00000000080028e4                . = ALIGN (0x4)
                0x00000000080028e4                _etext = .

.vfp11_veneer   0x00000000080028e4        0x0
 .vfp11_veneer  0x00000000080028e4        0x0 linker stubs

.v4_bx          0x00000000080028e4        0x0
 .v4_bx         0x00000000080028e4        0x0 linker stubs

.iplt           0x00000000080028e4        0x0
 .iplt          0x00000000080028e4        0x0 C:/ST/STM32CubeIDE_1.14.0/STM32CubeIDE/plugins/com.st.stm32cube.ide.mcu.externaltools.gnu-tools-for-stm32.11.3.rel1.win32_1.1.100.202309141235/tools/bin/../lib/gcc/arm-none-eabi/11.3.1/thumb/v7-m/nofp/crtbegin.o

.rodata         0x00000000080028e4       0x24
                0x00000000080028e4                . = ALIGN (0x4)
 *(.rodata)
 *(.rodata*)
 .rodata.AHBPrescTable
                0x00000000080028e4       0x10 ./Core/Src/system_stm32f1xx.o
                0x00000000080028e4                AHBPrescTable
 .rodata.aPLLMULFactorTable.1
                0x00000000080028f4       0x10 ./Drivers/STM32F1xx_HAL_Driver/Src/stm32f1xx_hal_rcc.o
 .rodata.aPredivFactorTable.0
                0x0000000008002904        0x2 ./Drivers/STM32F1xx_HAL_Driver/Src/stm32f1xx_hal_rcc.o
                0x0000000008002908                . = ALIGN (0x4)
 *fill*         0x0000000008002906        0x2 

.rel.dyn        0x0000000008002908        0x0
 .rel.iplt      0x0000000008002908        0x0 C:/ST/STM32CubeIDE_1.14.0/STM32CubeIDE/plugins/com.st.stm32cube.ide.mcu.externaltools.gnu-tools-for-stm32.11.3.rel1.win32_1.1.100.202309141235/tools/bin/../lib/gcc/arm-none-eabi/11.3.1/thumb/v7-m/nofp/crtbegin.o

.ARM.extab      0x0000000008002908        0x0
                0x0000000008002908                . = ALIGN (0x4)
 *(.ARM.extab* .gnu.linkonce.armextab.*)
                0x0000000008002908                . = ALIGN (0x4)

.ARM            0x0000000008002908        0x0
                0x0000000008002908                . = ALIGN (0x4)
                0x0000000008002908                __exidx_start = .
 *(.ARM.exidx*)
                0x0000000008002908                __exidx_end = .
                0x0000000008002908                . = ALIGN (0x4)

.preinit_array  0x0000000008002908        0x0
                0x0000000008002908                . = ALIGN (0x4)
                0x0000000008002908                PROVIDE (__preinit_array_start = .)
 *(.preinit_array*)
                0x0000000008002908                PROVIDE (__preinit_array_end = .)
                0x0000000008002908                . = ALIGN (0x4)

.init_array     0x0000000008002908        0x4
                0x0000000008002908                . = ALIGN (0x4)
                0x0000000008002908                PROVIDE (__init_array_start = .)
 *(SORT_BY_NAME(.init_array.*))
 *(.init_array*)
 .init_array    0x0000000008002908        0x4 C:/ST/STM32CubeIDE_1.14.0/STM32CubeIDE/plugins/com.st.stm32cube.ide.mcu.externaltools.gnu-tools-for-stm32.11.3.rel1.win32_1.1.100.202309141235/tools/bin/../lib/gcc/arm-none-eabi/11.3.1/thumb/v7-m/nofp/crtbegin.o
                0x000000000800290c                PROVIDE (__init_array_end = .)
                0x000000000800290c                . = ALIGN (0x4)

.fini_array     0x000000000800290c        0x4
                0x000000000800290c                . = ALIGN (0x4)
                [!provide]                        PROVIDE (__fini_array_start = .)
 *(SORT_BY_NAME(.fini_array.*))
 *(.fini_array*)
 .fini_array    0x000000000800290c        0x4 C:/ST/STM32CubeIDE_1.14.0/STM32CubeIDE/plugins/com.st.stm32cube.ide.mcu.externaltools.gnu-tools-for-stm32.11.3.rel1.win32_1.1.100.202309141235/tools/bin/../lib/gcc/arm-none-eabi/11.3.1/thumb/v7-m/nofp/crtbegin.o
                [!provide]                        PROVIDE (__fini_array_end = .)
                0x0000000008002910                . = ALIGN (0x4)
                0x0000000008002910                _sidata = LOADADDR (.data)

.data           0x0000000020000000       0x38 load address 0x0000000008002910
                0x0000000020000000                . = ALIGN (0x4)
                0x0000000020000000                _sdata = .
 *(.data)
 *(.data*)
 .data.ENMAP    0x0000000020000000        0x8 ./Core/Src/control_display.o
                0x0000000020000000                ENMAP
 .data.BUTTON_MAP
                0x0000000020000008        0x6 ./Core/Src/global.o
                0x0000000020000008                BUTTON_MAP
 *fill*         0x000000002000000e        0x2 
 .data.BUTTON_PORT_MAP
                0x0000000020000010        0xc ./Core/Src/global.o
                0x0000000020000010                BUTTON_PORT_MAP
 .data.TIME_RED_LED
                0x000000002000001c        0x4 ./Core/Src/global.o
                0x000000002000001c                TIME_RED_LED
 .data.TIME_AMBER_LED
                0x0000000020000020        0x4 ./Core/Src/global.o
                0x0000000020000020                TIME_AMBER_LED
 .data.TIME_GREEN_LED
                0x0000000020000024        0x4 ./Core/Src/global.o
                0x0000000020000024                TIME_GREEN_LED
 .data.state_trafic_light
                0x0000000020000028        0x1 ./Core/Src/global.o
                0x0000000020000028                state_trafic_light
 *fill*         0x0000000020000029        0x3 
 .data.SystemCoreClock
                0x000000002000002c        0x4 ./Core/Src/system_stm32f1xx.o
                0x000000002000002c                SystemCoreClock
 .data.uwTickPrio
                0x0000000020000030        0x4 ./Drivers/STM32F1xx_HAL_Driver/Src/stm32f1xx_hal.o
                0x0000000020000030                uwTickPrio
 .data.uwTickFreq
                0x0000000020000034        0x1 ./Drivers/STM32F1xx_HAL_Driver/Src/stm32f1xx_hal.o
                0x0000000020000034                uwTickFreq
 *(.RamFunc)
 *(.RamFunc*)
                0x0000000020000038                . = ALIGN (0x4)
 *fill*         0x0000000020000035        0x3 
                0x0000000020000038                _edata = .

.igot.plt       0x0000000020000038        0x0 load address 0x0000000008002948
 .igot.plt      0x0000000020000038        0x0 C:/ST/STM32CubeIDE_1.14.0/STM32CubeIDE/plugins/com.st.stm32cube.ide.mcu.externaltools.gnu-tools-for-stm32.11.3.rel1.win32_1.1.100.202309141235/tools/bin/../lib/gcc/arm-none-eabi/11.3.1/thumb/v7-m/nofp/crtbegin.o
                0x0000000020000038                . = ALIGN (0x4)

.bss            0x0000000020000038      0x110 load address 0x0000000008002948
                0x0000000020000038                _sbss = .
                0x0000000020000038                __bss_start__ = _sbss
 *(.bss)
 .bss           0x0000000020000038       0x1c C:/ST/STM32CubeIDE_1.14.0/STM32CubeIDE/plugins/com.st.stm32cube.ide.mcu.externaltools.gnu-tools-for-stm32.11.3.rel1.win32_1.1.100.202309141235/tools/bin/../lib/gcc/arm-none-eabi/11.3.1/thumb/v7-m/nofp/crtbegin.o
 *(.bss*)
 .bss.counter_long_press
                0x0000000020000054        0x4 ./Core/Src/configure_mode.o
                0x0000000020000054                counter_long_press
 .bss.software_timers
                0x0000000020000058       0x50 ./Core/Src/global.o
                0x0000000020000058                software_timers
 .bss.buttonBuffer
                0x00000000200000a8        0x3 ./Core/Src/global.o
                0x00000000200000a8                buttonBuffer
 *fill*         0x00000000200000ab        0x1 
 .bss.debounceButtonBuffer
                0x00000000200000ac        0x3 ./Core/Src/global.o
                0x00000000200000ac                debounceButtonBuffer
 *fill*         0x00000000200000af        0x1 
 .bss.counterButtonBuffer
                0x00000000200000b0        0x6 ./Core/Src/global.o
                0x00000000200000b0                counterButtonBuffer
 *fill*         0x00000000200000b6        0x2 
 .bss.flagButtonLongPress
                0x00000000200000b8        0x3 ./Core/Src/global.o
                0x00000000200000b8                flagButtonLongPress
 *fill*         0x00000000200000bb        0x1 
 .bss.counterButtonLongPress
                0x00000000200000bc        0x6 ./Core/Src/global.o
                0x00000000200000bc                counterButtonLongPress
 *fill*         0x00000000200000c2        0x2 
 .bss.flagPress
                0x00000000200000c4        0x3 ./Core/Src/global.o
                0x00000000200000c4                flagPress
 *fill*         0x00000000200000c7        0x1 
 .bss.flagLongPress
                0x00000000200000c8        0x3 ./Core/Src/global.o
                0x00000000200000c8                flagLongPress
 *fill*         0x00000000200000cb        0x1 
 .bss.flagTransitionLongPress
                0x00000000200000cc        0x3 ./Core/Src/global.o
                0x00000000200000cc                flagTransitionLongPress
 *fill*         0x00000000200000cf        0x1 
 .bss.buttonState
                0x00000000200000d0        0x3 ./Core/Src/global.o
                0x00000000200000d0                buttonState
 *fill*         0x00000000200000d3        0x1 
 .bss.index_led
                0x00000000200000d4        0x4 ./Core/Src/global.o
                0x00000000200000d4                index_led
 .bss.led_buffer
                0x00000000200000d8       0x10 ./Core/Src/global.o
                0x00000000200000d8                led_buffer
 .bss.TempConfigure
                0x00000000200000e8        0x4 ./Core/Src/global.o
                0x00000000200000e8                TempConfigure
 .bss.counter_trafic_light
                0x00000000200000ec        0x4 ./Core/Src/global.o
                0x00000000200000ec                counter_trafic_light
 .bss.counter_7LED
                0x00000000200000f0        0x4 ./Core/Src/global.o
                0x00000000200000f0                counter_7LED
 .bss.counter_configure_mode
                0x00000000200000f4        0x4 ./Core/Src/global.o
                0x00000000200000f4                counter_configure_mode
 .bss.mode      0x00000000200000f8        0x1 ./Core/Src/global.o
                0x00000000200000f8                mode
 *fill*         0x00000000200000f9        0x3 
 .bss.htim2     0x00000000200000fc       0x48 ./Core/Src/main.o
                0x00000000200000fc                htim2
 .bss.uwTick    0x0000000020000144        0x4 ./Drivers/STM32F1xx_HAL_Driver/Src/stm32f1xx_hal.o
                0x0000000020000144                uwTick
 *(COMMON)
                0x0000000020000148                . = ALIGN (0x4)
                0x0000000020000148                _ebss = .
                0x0000000020000148                __bss_end__ = _ebss

._user_heap_stack
                0x0000000020000148      0x600 load address 0x0000000008002948
                0x0000000020000148                . = ALIGN (0x8)
                [!provide]                        PROVIDE (end = .)
                0x0000000020000148                PROVIDE (_end = .)
                0x0000000020000348                . = (. + _Min_Heap_Size)
 *fill*         0x0000000020000148      0x200 
                0x0000000020000748                . = (. + _Min_Stack_Size)
 *fill*         0x0000000020000348      0x400 
                0x0000000020000748                . = ALIGN (0x8)

/DISCARD/
 libc.a(*)
 libm.a(*)
 libgcc.a(*)

.ARM.attributes
                0x0000000000000000       0x29
 *(.ARM.attributes)
 .ARM.attributes
                0x0000000000000000       0x1d C:/ST/STM32CubeIDE_1.14.0/STM32CubeIDE/plugins/com.st.stm32cube.ide.mcu.externaltools.gnu-tools-for-stm32.11.3.rel1.win32_1.1.100.202309141235/tools/bin/../lib/gcc/arm-none-eabi/11.3.1/thumb/v7-m/nofp/crti.o
 .ARM.attributes
                0x000000000000001d       0x2d C:/ST/STM32CubeIDE_1.14.0/STM32CubeIDE/plugins/com.st.stm32cube.ide.mcu.externaltools.gnu-tools-for-stm32.11.3.rel1.win32_1.1.100.202309141235/tools/bin/../lib/gcc/arm-none-eabi/11.3.1/thumb/v7-m/nofp/crtbegin.o
 .ARM.attributes
                0x000000000000004a       0x2d ./Core/Src/auto_mode.o
 .ARM.attributes
                0x0000000000000077       0x2d ./Core/Src/button.o
 .ARM.attributes
                0x00000000000000a4       0x2d ./Core/Src/configure_mode.o
 .ARM.attributes
                0x00000000000000d1       0x2d ./Core/Src/control_display.o
 .ARM.attributes
                0x00000000000000fe       0x2d ./Core/Src/global.o
 .ARM.attributes
                0x000000000000012b       0x2d ./Core/Src/main.o
 .ARM.attributes
                0x0000000000000158       0x2d ./Core/Src/software_timer.o
 .ARM.attributes
                0x0000000000000185       0x2d ./Core/Src/stm32f1xx_hal_msp.o
 .ARM.attributes
                0x00000000000001b2       0x2d ./Core/Src/stm32f1xx_it.o
 .ARM.attributes
                0x00000000000001df       0x2d ./Core/Src/system_stm32f1xx.o
 .ARM.attributes
                0x000000000000020c       0x2d ./Core/Src/trafic_light.o
 .ARM.attributes
                0x0000000000000239       0x21 ./Core/Startup/startup_stm32f103c6ux.o
 .ARM.attributes
                0x000000000000025a       0x2d ./Drivers/STM32F1xx_HAL_Driver/Src/stm32f1xx_hal.o
 .ARM.attributes
                0x0000000000000287       0x2d ./Drivers/STM32F1xx_HAL_Driver/Src/stm32f1xx_hal_cortex.o
 .ARM.attributes
                0x00000000000002b4       0x2d ./Drivers/STM32F1xx_HAL_Driver/Src/stm32f1xx_hal_gpio.o
 .ARM.attributes
                0x00000000000002e1       0x2d ./Drivers/STM32F1xx_HAL_Driver/Src/stm32f1xx_hal_rcc.o
 .ARM.attributes
                0x000000000000030e       0x2d ./Drivers/STM32F1xx_HAL_Driver/Src/stm32f1xx_hal_tim.o
 .ARM.attributes
                0x000000000000033b       0x2d ./Drivers/STM32F1xx_HAL_Driver/Src/stm32f1xx_hal_tim_ex.o
 .ARM.attributes
                0x0000000000000368       0x2d C:/ST/STM32CubeIDE_1.14.0/STM32CubeIDE/plugins/com.st.stm32cube.ide.mcu.externaltools.gnu-tools-for-stm32.11.3.rel1.win32_1.1.100.202309141235/tools/bin/../lib/gcc/arm-none-eabi/11.3.1/../../../../arm-none-eabi/lib/thumb/v7-m/nofp\libc_nano.a(libc_a-memset.o)
 .ARM.attributes
                0x0000000000000395       0x2d C:/ST/STM32CubeIDE_1.14.0/STM32CubeIDE/plugins/com.st.stm32cube.ide.mcu.externaltools.gnu-tools-for-stm32.11.3.rel1.win32_1.1.100.202309141235/tools/bin/../lib/gcc/arm-none-eabi/11.3.1/../../../../arm-none-eabi/lib/thumb/v7-m/nofp\libc_nano.a(libc_a-init.o)
 .ARM.attributes
                0x00000000000003c2       0x1d C:/ST/STM32CubeIDE_1.14.0/STM32CubeIDE/plugins/com.st.stm32cube.ide.mcu.externaltools.gnu-tools-for-stm32.11.3.rel1.win32_1.1.100.202309141235/tools/bin/../lib/gcc/arm-none-eabi/11.3.1/thumb/v7-m/nofp/crtn.o
OUTPUT(Lab3_Button_Switch.elf elf32-littlearm)
LOAD linker stubs
LOAD C:/ST/STM32CubeIDE_1.14.0/STM32CubeIDE/plugins/com.st.stm32cube.ide.mcu.externaltools.gnu-tools-for-stm32.11.3.rel1.win32_1.1.100.202309141235/tools/bin/../lib/gcc/arm-none-eabi/11.3.1/../../../../arm-none-eabi/lib/thumb/v7-m/nofp\libc.a
LOAD C:/ST/STM32CubeIDE_1.14.0/STM32CubeIDE/plugins/com.st.stm32cube.ide.mcu.externaltools.gnu-tools-for-stm32.11.3.rel1.win32_1.1.100.202309141235/tools/bin/../lib/gcc/arm-none-eabi/11.3.1/../../../../arm-none-eabi/lib/thumb/v7-m/nofp\libm.a
LOAD C:/ST/STM32CubeIDE_1.14.0/STM32CubeIDE/plugins/com.st.stm32cube.ide.mcu.externaltools.gnu-tools-for-stm32.11.3.rel1.win32_1.1.100.202309141235/tools/bin/../lib/gcc/arm-none-eabi/11.3.1/thumb/v7-m/nofp\libgcc.a

.comment        0x0000000000000000       0x43
 .comment       0x0000000000000000       0x43 C:/ST/STM32CubeIDE_1.14.0/STM32CubeIDE/plugins/com.st.stm32cube.ide.mcu.externaltools.gnu-tools-for-stm32.11.3.rel1.win32_1.1.100.202309141235/tools/bin/../lib/gcc/arm-none-eabi/11.3.1/thumb/v7-m/nofp/crtbegin.o
                                         0x44 (size before relaxing)
 .comment       0x0000000000000043       0x44 ./Core/Src/auto_mode.o
 .comment       0x0000000000000043       0x44 ./Core/Src/button.o
 .comment       0x0000000000000043       0x44 ./Core/Src/configure_mode.o
 .comment       0x0000000000000043       0x44 ./Core/Src/control_display.o
 .comment       0x0000000000000043       0x44 ./Core/Src/global.o
 .comment       0x0000000000000043       0x44 ./Core/Src/main.o
 .comment       0x0000000000000043       0x44 ./Core/Src/software_timer.o
 .comment       0x0000000000000043       0x44 ./Core/Src/stm32f1xx_hal_msp.o
 .comment       0x0000000000000043       0x44 ./Core/Src/stm32f1xx_it.o
 .comment       0x0000000000000043       0x44 ./Core/Src/system_stm32f1xx.o
 .comment       0x0000000000000043       0x44 ./Core/Src/trafic_light.o
 .comment       0x0000000000000043       0x44 ./Drivers/STM32F1xx_HAL_Driver/Src/stm32f1xx_hal.o
 .comment       0x0000000000000043       0x44 ./Drivers/STM32F1xx_HAL_Driver/Src/stm32f1xx_hal_cortex.o
 .comment       0x0000000000000043       0x44 ./Drivers/STM32F1xx_HAL_Driver/Src/stm32f1xx_hal_gpio.o
 .comment       0x0000000000000043       0x44 ./Drivers/STM32F1xx_HAL_Driver/Src/stm32f1xx_hal_rcc.o
 .comment       0x0000000000000043       0x44 ./Drivers/STM32F1xx_HAL_Driver/Src/stm32f1xx_hal_tim.o
 .comment       0x0000000000000043       0x44 ./Drivers/STM32F1xx_HAL_Driver/Src/stm32f1xx_hal_tim_ex.o

.debug_info     0x0000000000000000     0x9200
 .debug_info    0x0000000000000000      0x238 ./Core/Src/auto_mode.o
 .debug_info    0x0000000000000238      0x31d ./Core/Src/button.o
 .debug_info    0x0000000000000555      0x272 ./Core/Src/configure_mode.o
 .debug_info    0x00000000000007c7      0x1fb ./Core/Src/control_display.o
 .debug_info    0x00000000000009c2      0x4a1 ./Core/Src/global.o
 .debug_info    0x0000000000000e63      0xb99 ./Core/Src/main.o
 .debug_info    0x00000000000019fc      0x6d7 ./Core/Src/software_timer.o
 .debug_info    0x00000000000020d3      0x91a ./Core/Src/stm32f1xx_hal_msp.o
 .debug_info    0x00000000000029ed      0x6a1 ./Core/Src/stm32f1xx_it.o
 .debug_info    0x000000000000308e      0x222 ./Core/Src/system_stm32f1xx.o
 .debug_info    0x00000000000032b0      0x26a ./Core/Src/trafic_light.o
 .debug_info    0x000000000000351a       0x23 ./Core/Startup/startup_stm32f103c6ux.o
 .debug_info    0x000000000000353d      0x6e6 ./Drivers/STM32F1xx_HAL_Driver/Src/stm32f1xx_hal.o
 .debug_info    0x0000000000003c23      0xa69 ./Drivers/STM32F1xx_HAL_Driver/Src/stm32f1xx_hal_cortex.o
 .debug_info    0x000000000000468c      0x5ab ./Drivers/STM32F1xx_HAL_Driver/Src/stm32f1xx_hal_gpio.o
 .debug_info    0x0000000000004c37      0x7d5 ./Drivers/STM32F1xx_HAL_Driver/Src/stm32f1xx_hal_rcc.o
 .debug_info    0x000000000000540c     0x2959 ./Drivers/STM32F1xx_HAL_Driver/Src/stm32f1xx_hal_tim.o
 .debug_info    0x0000000000007d65     0x149b ./Drivers/STM32F1xx_HAL_Driver/Src/stm32f1xx_hal_tim_ex.o

.debug_abbrev   0x0000000000000000     0x1f14
 .debug_abbrev  0x0000000000000000      0x120 ./Core/Src/auto_mode.o
 .debug_abbrev  0x0000000000000120      0x197 ./Core/Src/button.o
 .debug_abbrev  0x00000000000002b7      0x12c ./Core/Src/configure_mode.o
 .debug_abbrev  0x00000000000003e3      0x162 ./Core/Src/control_display.o
 .debug_abbrev  0x0000000000000545      0x14b ./Core/Src/global.o
 .debug_abbrev  0x0000000000000690      0x27f ./Core/Src/main.o
 .debug_abbrev  0x000000000000090f      0x1dc ./Core/Src/software_timer.o
 .debug_abbrev  0x0000000000000aeb      0x1ad ./Core/Src/stm32f1xx_hal_msp.o
 .debug_abbrev  0x0000000000000c98      0x191 ./Core/Src/stm32f1xx_it.o
 .debug_abbrev  0x0000000000000e29      0x13f ./Core/Src/system_stm32f1xx.o
 .debug_abbrev  0x0000000000000f68      0x12b ./Core/Src/trafic_light.o
 .debug_abbrev  0x0000000000001093       0x12 ./Core/Startup/startup_stm32f103c6ux.o
 .debug_abbrev  0x00000000000010a5      0x201 ./Drivers/STM32F1xx_HAL_Driver/Src/stm32f1xx_hal.o
 .debug_abbrev  0x00000000000012a6      0x2f8 ./Drivers/STM32F1xx_HAL_Driver/Src/stm32f1xx_hal_cortex.o
 .debug_abbrev  0x000000000000159e      0x1ca ./Drivers/STM32F1xx_HAL_Driver/Src/stm32f1xx_hal_gpio.o
 .debug_abbrev  0x0000000000001768      0x2b3 ./Drivers/STM32F1xx_HAL_Driver/Src/stm32f1xx_hal_rcc.o
 .debug_abbrev  0x0000000000001a1b      0x277 ./Drivers/STM32F1xx_HAL_Driver/Src/stm32f1xx_hal_tim.o
 .debug_abbrev  0x0000000000001c92      0x282 ./Drivers/STM32F1xx_HAL_Driver/Src/stm32f1xx_hal_tim_ex.o

.debug_aranges  0x0000000000000000      0xa40
 .debug_aranges
                0x0000000000000000       0x20 ./Core/Src/auto_mode.o
 .debug_aranges
                0x0000000000000020       0x38 ./Core/Src/button.o
 .debug_aranges
                0x0000000000000058       0x20 ./Core/Src/configure_mode.o
 .debug_aranges
                0x0000000000000078       0x28 ./Core/Src/control_display.o
 .debug_aranges
                0x00000000000000a0       0x20 ./Core/Src/global.o
 .debug_aranges
                0x00000000000000c0       0x40 ./Core/Src/main.o
 .debug_aranges
                0x0000000000000100       0x38 ./Core/Src/software_timer.o
 .debug_aranges
                0x0000000000000138       0x30 ./Core/Src/stm32f1xx_hal_msp.o
 .debug_aranges
                0x0000000000000168       0x68 ./Core/Src/stm32f1xx_it.o
 .debug_aranges
                0x00000000000001d0       0x28 ./Core/Src/system_stm32f1xx.o
 .debug_aranges
                0x00000000000001f8       0x20 ./Core/Src/trafic_light.o
 .debug_aranges
                0x0000000000000218       0x28 ./Core/Startup/startup_stm32f103c6ux.o
 .debug_aranges
                0x0000000000000240       0xe0 ./Drivers/STM32F1xx_HAL_Driver/Src/stm32f1xx_hal.o
 .debug_aranges
                0x0000000000000320      0x100 ./Drivers/STM32F1xx_HAL_Driver/Src/stm32f1xx_hal_cortex.o
 .debug_aranges
                0x0000000000000420       0x58 ./Drivers/STM32F1xx_HAL_Driver/Src/stm32f1xx_hal_gpio.o
 .debug_aranges
                0x0000000000000478       0x90 ./Drivers/STM32F1xx_HAL_Driver/Src/stm32f1xx_hal_rcc.o
 .debug_aranges
                0x0000000000000508      0x3d0 ./Drivers/STM32F1xx_HAL_Driver/Src/stm32f1xx_hal_tim.o
 .debug_aranges
                0x00000000000008d8      0x168 ./Drivers/STM32F1xx_HAL_Driver/Src/stm32f1xx_hal_tim_ex.o

.debug_rnglists
                0x0000000000000000      0x7c6
 .debug_rnglists
                0x0000000000000000       0x14 ./Core/Src/auto_mode.o
 .debug_rnglists
                0x0000000000000014       0x27 ./Core/Src/button.o
 .debug_rnglists
                0x000000000000003b       0x14 ./Core/Src/configure_mode.o
 .debug_rnglists
                0x000000000000004f       0x1a ./Core/Src/control_display.o
 .debug_rnglists
                0x0000000000000069       0x13 ./Core/Src/global.o
 .debug_rnglists
                0x000000000000007c       0x2e ./Core/Src/main.o
 .debug_rnglists
                0x00000000000000aa       0x25 ./Core/Src/software_timer.o
 .debug_rnglists
                0x00000000000000cf       0x1f ./Core/Src/stm32f1xx_hal_msp.o
 .debug_rnglists
                0x00000000000000ee       0x49 ./Core/Src/stm32f1xx_it.o
 .debug_rnglists
                0x0000000000000137       0x1a ./Core/Src/system_stm32f1xx.o
 .debug_rnglists
                0x0000000000000151       0x14 ./Core/Src/trafic_light.o
 .debug_rnglists
                0x0000000000000165       0x19 ./Core/Startup/startup_stm32f103c6ux.o
 .debug_rnglists
                0x000000000000017e       0xa3 ./Drivers/STM32F1xx_HAL_Driver/Src/stm32f1xx_hal.o
 .debug_rnglists
                0x0000000000000221       0xbb ./Drivers/STM32F1xx_HAL_Driver/Src/stm32f1xx_hal_cortex.o
 .debug_rnglists
                0x00000000000002dc       0x3f ./Drivers/STM32F1xx_HAL_Driver/Src/stm32f1xx_hal_gpio.o
 .debug_rnglists
                0x000000000000031b       0x6c ./Drivers/STM32F1xx_HAL_Driver/Src/stm32f1xx_hal_rcc.o
 .debug_rnglists
                0x0000000000000387      0x31a ./Drivers/STM32F1xx_HAL_Driver/Src/stm32f1xx_hal_tim.o
 .debug_rnglists
                0x00000000000006a1      0x125 ./Drivers/STM32F1xx_HAL_Driver/Src/stm32f1xx_hal_tim_ex.o

.debug_macro    0x0000000000000000    0x17036
 .debug_macro   0x0000000000000000      0x1d7 ./Core/Src/auto_mode.o
 .debug_macro   0x00000000000001d7      0xa9c ./Core/Src/auto_mode.o
 .debug_macro   0x0000000000000c73      0x215 ./Core/Src/auto_mode.o
 .debug_macro   0x0000000000000e88       0x2e ./Core/Src/auto_mode.o
 .debug_macro   0x0000000000000eb6       0x22 ./Core/Src/auto_mode.o
 .debug_macro   0x0000000000000ed8       0x22 ./Core/Src/auto_mode.o
 .debug_macro   0x0000000000000efa       0x8e ./Core/Src/auto_mode.o
 .debug_macro   0x0000000000000f88       0x51 ./Core/Src/auto_mode.o
 .debug_macro   0x0000000000000fd9      0x103 ./Core/Src/auto_mode.o
 .debug_macro   0x00000000000010dc       0x6a ./Core/Src/auto_mode.o
 .debug_macro   0x0000000000001146      0x1df ./Core/Src/auto_mode.o
 .debug_macro   0x0000000000001325       0x1c ./Core/Src/auto_mode.o
 .debug_macro   0x0000000000001341       0x22 ./Core/Src/auto_mode.o
 .debug_macro   0x0000000000001363       0xbd ./Core/Src/auto_mode.o
 .debug_macro   0x0000000000001420      0xd23 ./Core/Src/auto_mode.o
 .debug_macro   0x0000000000002143     0xde75 ./Core/Src/auto_mode.o
 .debug_macro   0x000000000000ffb8       0x6d ./Core/Src/auto_mode.o
 .debug_macro   0x0000000000010025     0x34a2 ./Core/Src/auto_mode.o
 .debug_macro   0x00000000000134c7      0x174 ./Core/Src/auto_mode.o
 .debug_macro   0x000000000001363b       0x5c ./Core/Src/auto_mode.o
 .debug_macro   0x0000000000013697      0x5bc ./Core/Src/auto_mode.o
 .debug_macro   0x0000000000013c53      0x1b7 ./Core/Src/auto_mode.o
 .debug_macro   0x0000000000013e0a      0x1cb ./Core/Src/auto_mode.o
 .debug_macro   0x0000000000013fd5      0x114 ./Core/Src/auto_mode.o
 .debug_macro   0x00000000000140e9      0x1b2 ./Core/Src/auto_mode.o
 .debug_macro   0x000000000001429b       0x27 ./Core/Src/auto_mode.o
 .debug_macro   0x00000000000142c2      0x12f ./Core/Src/auto_mode.o
 .debug_macro   0x00000000000143f1      0x1bc ./Core/Src/auto_mode.o
 .debug_macro   0x00000000000145ad       0x34 ./Core/Src/auto_mode.o
 .debug_macro   0x00000000000145e1       0x3c ./Core/Src/auto_mode.o
 .debug_macro   0x000000000001461d       0x57 ./Core/Src/auto_mode.o
 .debug_macro   0x0000000000014674       0x87 ./Core/Src/auto_mode.o
 .debug_macro   0x00000000000146fb      0x183 ./Core/Src/auto_mode.o
 .debug_macro   0x000000000001487e      0x140 ./Core/Src/auto_mode.o
 .debug_macro   0x00000000000149be      0x8ed ./Core/Src/auto_mode.o
 .debug_macro   0x00000000000152ab       0x69 ./Core/Src/auto_mode.o
 .debug_macro   0x0000000000015314       0x46 ./Core/Src/auto_mode.o
 .debug_macro   0x000000000001535a       0xf4 ./Core/Src/auto_mode.o
 .debug_macro   0x000000000001544e      0x1c3 ./Core/Src/button.o
 .debug_macro   0x0000000000015611      0x1d3 ./Core/Src/configure_mode.o
 .debug_macro   0x00000000000157e4      0x1c3 ./Core/Src/control_display.o
 .debug_macro   0x00000000000159a7      0x1b9 ./Core/Src/global.o
 .debug_macro   0x0000000000015b60      0x1fd ./Core/Src/main.o
 .debug_macro   0x0000000000015d5d      0x1cd ./Core/Src/software_timer.o
 .debug_macro   0x0000000000015f2a      0x1b9 ./Core/Src/stm32f1xx_hal_msp.o
 .debug_macro   0x00000000000160e3      0x1c3 ./Core/Src/stm32f1xx_it.o
 .debug_macro   0x00000000000162a6      0x197 ./Core/Src/system_stm32f1xx.o
 .debug_macro   0x000000000001643d      0x1cd ./Core/Src/trafic_light.o
 .debug_macro   0x000000000001660a      0x1bb ./Drivers/STM32F1xx_HAL_Driver/Src/stm32f1xx_hal.o
 .debug_macro   0x00000000000167c5      0x197 ./Drivers/STM32F1xx_HAL_Driver/Src/stm32f1xx_hal_cortex.o
 .debug_macro   0x000000000001695c      0x202 ./Drivers/STM32F1xx_HAL_Driver/Src/stm32f1xx_hal_gpio.o
 .debug_macro   0x0000000000016b5e      0x1a9 ./Drivers/STM32F1xx_HAL_Driver/Src/stm32f1xx_hal_rcc.o
 .debug_macro   0x0000000000016d07      0x198 ./Drivers/STM32F1xx_HAL_Driver/Src/stm32f1xx_hal_tim.o
 .debug_macro   0x0000000000016e9f      0x197 ./Drivers/STM32F1xx_HAL_Driver/Src/stm32f1xx_hal_tim_ex.o

.debug_line     0x0000000000000000     0xd089
 .debug_line    0x0000000000000000      0x7c1 ./Core/Src/auto_mode.o
 .debug_line    0x00000000000007c1      0x821 ./Core/Src/button.o
 .debug_line    0x0000000000000fe2      0x850 ./Core/Src/configure_mode.o
 .debug_line    0x0000000000001832      0x82b ./Core/Src/control_display.o
 .debug_line    0x000000000000205d      0x712 ./Core/Src/global.o
 .debug_line    0x000000000000276f      0x883 ./Core/Src/main.o
 .debug_line    0x0000000000002ff2      0x7a6 ./Core/Src/software_timer.o
 .debug_line    0x0000000000003798      0x735 ./Core/Src/stm32f1xx_hal_msp.o
 .debug_line    0x0000000000003ecd      0x7d3 ./Core/Src/stm32f1xx_it.o
 .debug_line    0x00000000000046a0      0x76b ./Core/Src/system_stm32f1xx.o
 .debug_line    0x0000000000004e0b      0x824 ./Core/Src/trafic_light.o
 .debug_line    0x000000000000562f       0x78 ./Core/Startup/startup_stm32f103c6ux.o
 .debug_line    0x00000000000056a7      0x998 ./Drivers/STM32F1xx_HAL_Driver/Src/stm32f1xx_hal.o
 .debug_line    0x000000000000603f      0xb80 ./Drivers/STM32F1xx_HAL_Driver/Src/stm32f1xx_hal_cortex.o
 .debug_line    0x0000000000006bbf      0xa1c ./Drivers/STM32F1xx_HAL_Driver/Src/stm32f1xx_hal_gpio.o
 .debug_line    0x00000000000075db      0xda1 ./Drivers/STM32F1xx_HAL_Driver/Src/stm32f1xx_hal_rcc.o
 .debug_line    0x000000000000837c     0x3456 ./Drivers/STM32F1xx_HAL_Driver/Src/stm32f1xx_hal_tim.o
 .debug_line    0x000000000000b7d2     0x18b7 ./Drivers/STM32F1xx_HAL_Driver/Src/stm32f1xx_hal_tim_ex.o

.debug_str      0x0000000000000000    0x8256e
 .debug_str     0x0000000000000000    0x7f8b3 ./Core/Src/auto_mode.o
                                      0x7fc2b (size before relaxing)
 .debug_str     0x000000000007f8b3      0x144 ./Core/Src/button.o
                                      0x7fc7f (size before relaxing)
 .debug_str     0x000000000007f9f7       0x95 ./Core/Src/configure_mode.o
                                      0x7fc71 (size before relaxing)
 .debug_str     0x000000000007fa8c       0x3b ./Core/Src/control_display.o
                                      0x7fb6f (size before relaxing)
 .debug_str     0x000000000007fac7       0x6e ./Core/Src/global.o
                                      0x7fd0a (size before relaxing)
 .debug_str     0x000000000007fb35      0x7a0 ./Core/Src/main.o
                                      0x80400 (size before relaxing)
 .debug_str     0x00000000000802d5       0x5f ./Core/Src/software_timer.o
                                      0x8002d (size before relaxing)
 .debug_str     0x0000000000080334      0x300 ./Core/Src/stm32f1xx_hal_msp.o
                                      0x80309 (size before relaxing)
 .debug_str     0x0000000000080634       0xec ./Core/Src/stm32f1xx_it.o
                                      0x80044 (size before relaxing)
 .debug_str     0x0000000000080720       0x7e ./Core/Src/system_stm32f1xx.o
                                      0x7f704 (size before relaxing)
 .debug_str     0x000000000008079e       0x1b ./Core/Src/trafic_light.o
                                      0x7fbec (size before relaxing)
 .debug_str     0x00000000000807b9       0x34 ./Core/Startup/startup_stm32f103c6ux.o
                                         0x9f (size before relaxing)
 .debug_str     0x00000000000807ed      0x38e ./Drivers/STM32F1xx_HAL_Driver/Src/stm32f1xx_hal.o
                                      0x7fdfd (size before relaxing)
 .debug_str     0x0000000000080b7b      0x28a ./Drivers/STM32F1xx_HAL_Driver/Src/stm32f1xx_hal_cortex.o
                                      0x7fd49 (size before relaxing)
 .debug_str     0x0000000000080e05      0x2cd ./Drivers/STM32F1xx_HAL_Driver/Src/stm32f1xx_hal_gpio.o
                                      0x7fa8a (size before relaxing)
 .debug_str     0x00000000000810d2      0x229 ./Drivers/STM32F1xx_HAL_Driver/Src/stm32f1xx_hal_rcc.o
                                      0x7fb33 (size before relaxing)
 .debug_str     0x00000000000812fb      0xde0 ./Drivers/STM32F1xx_HAL_Driver/Src/stm32f1xx_hal_tim.o
                                      0x80b35 (size before relaxing)
 .debug_str     0x00000000000820db      0x493 ./Drivers/STM32F1xx_HAL_Driver/Src/stm32f1xx_hal_tim_ex.o
                                      0x80341 (size before relaxing)

.debug_frame    0x0000000000000000     0x2820
 .debug_frame   0x0000000000000000       0x2c ./Core/Src/auto_mode.o
 .debug_frame   0x000000000000002c       0xa8 ./Core/Src/button.o
 .debug_frame   0x00000000000000d4       0x38 ./Core/Src/configure_mode.o
 .debug_frame   0x000000000000010c       0x58 ./Core/Src/control_display.o
 .debug_frame   0x0000000000000164       0x38 ./Core/Src/global.o
 .debug_frame   0x000000000000019c       0xb0 ./Core/Src/main.o
 .debug_frame   0x000000000000024c       0xac ./Core/Src/software_timer.o
 .debug_frame   0x00000000000002f8       0x80 ./Core/Src/stm32f1xx_hal_msp.o
 .debug_frame   0x0000000000000378      0x120 ./Core/Src/stm32f1xx_it.o
 .debug_frame   0x0000000000000498       0x58 ./Core/Src/system_stm32f1xx.o
 .debug_frame   0x00000000000004f0       0x38 ./Core/Src/trafic_light.o
 .debug_frame   0x0000000000000528      0x334 ./Drivers/STM32F1xx_HAL_Driver/Src/stm32f1xx_hal.o
 .debug_frame   0x000000000000085c      0x428 ./Drivers/STM32F1xx_HAL_Driver/Src/stm32f1xx_hal_cortex.o
 .debug_frame   0x0000000000000c84      0x14c ./Drivers/STM32F1xx_HAL_Driver/Src/stm32f1xx_hal_gpio.o
 .debug_frame   0x0000000000000dd0      0x218 ./Drivers/STM32F1xx_HAL_Driver/Src/stm32f1xx_hal_rcc.o
 .debug_frame   0x0000000000000fe8     0x11b4 ./Drivers/STM32F1xx_HAL_Driver/Src/stm32f1xx_hal_tim.o
 .debug_frame   0x000000000000219c      0x638 ./Drivers/STM32F1xx_HAL_Driver/Src/stm32f1xx_hal_tim_ex.o
 .debug_frame   0x00000000000027d4       0x20 C:/ST/STM32CubeIDE_1.14.0/STM32CubeIDE/plugins/com.st.stm32cube.ide.mcu.externaltools.gnu-tools-for-stm32.11.3.rel1.win32_1.1.100.202309141235/tools/bin/../lib/gcc/arm-none-eabi/11.3.1/../../../../arm-none-eabi/lib/thumb/v7-m/nofp\libc_nano.a(libc_a-memset.o)
 .debug_frame   0x00000000000027f4       0x2c C:/ST/STM32CubeIDE_1.14.0/STM32CubeIDE/plugins/com.st.stm32cube.ide.mcu.externaltools.gnu-tools-for-stm32.11.3.rel1.win32_1.1.100.202309141235/tools/bin/../lib/gcc/arm-none-eabi/11.3.1/../../../../arm-none-eabi/lib/thumb/v7-m/nofp\libc_nano.a(libc_a-init.o)

.debug_line_str
                0x0000000000000000       0x93
 .debug_line_str
                0x0000000000000000       0x93 ./Core/Startup/startup_stm32f103c6ux.o
                                         0xab (size before relaxing)
