Archive member included to satisfy reference by file (symbol)

C:/ST/STM32CubeIDE_1.14.0/STM32CubeIDE/plugins/com.st.stm32cube.ide.mcu.externaltools.gnu-tools-for-stm32.11.3.rel1.win32_1.1.100.202309141235/tools/bin/../lib/gcc/arm-none-eabi/11.3.1/../../../../arm-none-eabi/lib/thumb/v7-m/nofp\libc_nano.a(libc_a-exit.o)
                              C:/ST/STM32CubeIDE_1.14.0/STM32CubeIDE/plugins/com.st.stm32cube.ide.mcu.externaltools.gnu-tools-for-stm32.11.3.rel1.win32_1.1.100.202309141235/tools/bin/../lib/gcc/arm-none-eabi/11.3.1/../../../../arm-none-eabi/lib/thumb/v7-m/nofp/crt0.o (exit)
C:/ST/STM32CubeIDE_1.14.0/STM32CubeIDE/plugins/com.st.stm32cube.ide.mcu.externaltools.gnu-tools-for-stm32.11.3.rel1.win32_1.1.100.202309141235/tools/bin/../lib/gcc/arm-none-eabi/11.3.1/../../../../arm-none-eabi/lib/thumb/v7-m/nofp\libc_nano.a(libc_a-malloc.o)
                              ./Core/Src/scheduler.o (malloc)
C:/ST/STM32CubeIDE_1.14.0/STM32CubeIDE/plugins/com.st.stm32cube.ide.mcu.externaltools.gnu-tools-for-stm32.11.3.rel1.win32_1.1.100.202309141235/tools/bin/../lib/gcc/arm-none-eabi/11.3.1/../../../../arm-none-eabi/lib/thumb/v7-m/nofp\libc_nano.a(libc_a-mallocr.o)
                              C:/ST/STM32CubeIDE_1.14.0/STM32CubeIDE/plugins/com.st.stm32cube.ide.mcu.externaltools.gnu-tools-for-stm32.11.3.rel1.win32_1.1.100.202309141235/tools/bin/../lib/gcc/arm-none-eabi/11.3.1/../../../../arm-none-eabi/lib/thumb/v7-m/nofp\libc_nano.a(libc_a-malloc.o) (_malloc_r)
C:/ST/STM32CubeIDE_1.14.0/STM32CubeIDE/plugins/com.st.stm32cube.ide.mcu.externaltools.gnu-tools-for-stm32.11.3.rel1.win32_1.1.100.202309141235/tools/bin/../lib/gcc/arm-none-eabi/11.3.1/../../../../arm-none-eabi/lib/thumb/v7-m/nofp\libc_nano.a(libc_a-mlock.o)
                              C:/ST/STM32CubeIDE_1.14.0/STM32CubeIDE/plugins/com.st.stm32cube.ide.mcu.externaltools.gnu-tools-for-stm32.11.3.rel1.win32_1.1.100.202309141235/tools/bin/../lib/gcc/arm-none-eabi/11.3.1/../../../../arm-none-eabi/lib/thumb/v7-m/nofp\libc_nano.a(libc_a-mallocr.o) (__malloc_lock)
C:/ST/STM32CubeIDE_1.14.0/STM32CubeIDE/plugins/com.st.stm32cube.ide.mcu.externaltools.gnu-tools-for-stm32.11.3.rel1.win32_1.1.100.202309141235/tools/bin/../lib/gcc/arm-none-eabi/11.3.1/../../../../arm-none-eabi/lib/thumb/v7-m/nofp\libc_nano.a(libc_a-findfp.o)
                              C:/ST/STM32CubeIDE_1.14.0/STM32CubeIDE/plugins/com.st.stm32cube.ide.mcu.externaltools.gnu-tools-for-stm32.11.3.rel1.win32_1.1.100.202309141235/tools/bin/../lib/gcc/arm-none-eabi/11.3.1/../../../../arm-none-eabi/lib/thumb/v7-m/nofp\libc_nano.a(libc_a-exit.o) (__stdio_exit_handler)
C:/ST/STM32CubeIDE_1.14.0/STM32CubeIDE/plugins/com.st.stm32cube.ide.mcu.externaltools.gnu-tools-for-stm32.11.3.rel1.win32_1.1.100.202309141235/tools/bin/../lib/gcc/arm-none-eabi/11.3.1/../../../../arm-none-eabi/lib/thumb/v7-m/nofp\libc_nano.a(libc_a-fwalk.o)
                              C:/ST/STM32CubeIDE_1.14.0/STM32CubeIDE/plugins/com.st.stm32cube.ide.mcu.externaltools.gnu-tools-for-stm32.11.3.rel1.win32_1.1.100.202309141235/tools/bin/../lib/gcc/arm-none-eabi/11.3.1/../../../../arm-none-eabi/lib/thumb/v7-m/nofp\libc_nano.a(libc_a-findfp.o) (_fwalk_sglue)
C:/ST/STM32CubeIDE_1.14.0/STM32CubeIDE/plugins/com.st.stm32cube.ide.mcu.externaltools.gnu-tools-for-stm32.11.3.rel1.win32_1.1.100.202309141235/tools/bin/../lib/gcc/arm-none-eabi/11.3.1/../../../../arm-none-eabi/lib/thumb/v7-m/nofp\libc_nano.a(libc_a-stdio.o)
                              C:/ST/STM32CubeIDE_1.14.0/STM32CubeIDE/plugins/com.st.stm32cube.ide.mcu.externaltools.gnu-tools-for-stm32.11.3.rel1.win32_1.1.100.202309141235/tools/bin/../lib/gcc/arm-none-eabi/11.3.1/../../../../arm-none-eabi/lib/thumb/v7-m/nofp\libc_nano.a(libc_a-findfp.o) (__sread)
C:/ST/STM32CubeIDE_1.14.0/STM32CubeIDE/plugins/com.st.stm32cube.ide.mcu.externaltools.gnu-tools-for-stm32.11.3.rel1.win32_1.1.100.202309141235/tools/bin/../lib/gcc/arm-none-eabi/11.3.1/../../../../arm-none-eabi/lib/thumb/v7-m/nofp\libc_nano.a(libc_a-memset.o)
                              C:/ST/STM32CubeIDE_1.14.0/STM32CubeIDE/plugins/com.st.stm32cube.ide.mcu.externaltools.gnu-tools-for-stm32.11.3.rel1.win32_1.1.100.202309141235/tools/bin/../lib/gcc/arm-none-eabi/11.3.1/../../../../arm-none-eabi/lib/thumb/v7-m/nofp/crt0.o (memset)
C:/ST/STM32CubeIDE_1.14.0/STM32CubeIDE/plugins/com.st.stm32cube.ide.mcu.externaltools.gnu-tools-for-stm32.11.3.rel1.win32_1.1.100.202309141235/tools/bin/../lib/gcc/arm-none-eabi/11.3.1/../../../../arm-none-eabi/lib/thumb/v7-m/nofp\libc_nano.a(libc_a-closer.o)
                              C:/ST/STM32CubeIDE_1.14.0/STM32CubeIDE/plugins/com.st.stm32cube.ide.mcu.externaltools.gnu-tools-for-stm32.11.3.rel1.win32_1.1.100.202309141235/tools/bin/../lib/gcc/arm-none-eabi/11.3.1/../../../../arm-none-eabi/lib/thumb/v7-m/nofp\libc_nano.a(libc_a-stdio.o) (_close_r)
[...]
Memory Configuration

Name             Origin             Length             Attributes
RAM              0x0000000020000000 0x0000000000002800 xrw
FLASH            0x0000000008000000 0x0000000000008000 xr
*default*        0x0000000000000000 0xffffffffffffffff

Linker script and memory map

LOAD C:/ST/STM32CubeIDE_1.14.0/STM32CubeIDE/plugins/com.st.stm32cube.ide.mcu.externaltools.gnu-tools-for-stm32.11.3.rel1.win32_1.1.100.202309141235/tools/bin/../lib/gcc/arm-none-eabi/11.3.1/thumb/v7-m/nofp/crti.o
LOAD C:/ST/STM32CubeIDE_1.14.0/STM32CubeIDE/plugins/com.st.stm32cube.ide.mcu.externaltools.gnu-tools-for-stm32.11.3.rel1.win32_1.1.100.202309141235/tools/bin/../lib/gcc/arm-none-eabi/11.3.1/thumb/v7-m/nofp/crtbegin.o
LOAD C:/ST/STM32CubeIDE_1.14.0/STM32CubeIDE/plugins/com.st.stm32cube.ide.mcu.externaltools.gnu-tools-for-stm32.11.3.rel1.win32_1.1.100.202309141235/tools/bin/../lib/gcc/arm-none-eabi/11.3.1/../../../../arm-none-eabi/lib/thumb/v7-m/nofp/crt0.o
LOAD ./Core/Src/auto_mode.o
LOAD ./Core/Src/button.o
LOAD ./Core/Src/configure_mode.o
LOAD ./Core/Src/control_display.o
LOAD ./Core/Src/global.o
LOAD ./Core/Src/main.o
LOAD ./Core/Src/scheduler.o
LOAD ./Core/Src/software_timer.o
LOAD ./Core/Src/stm32f1xx_hal_msp.o
LOAD ./Core/Src/stm32f1xx_it.o
LOAD ./Core/Src/syscalls.o
LOAD ./Core/Src/sysmem.o
LOAD ./Core/Src/system_stm32f1xx.o
LOAD ./Core/Src/trafic_light.o
LOAD ./Core/Startup/startup_stm32f103c6ux.o
LOAD ./Drivers/STM32F1xx_HAL_Driver/Src/stm32f1xx_hal.o
LOAD ./Drivers/STM32F1xx_HAL_Driver/Src/stm32f1xx_hal_cortex.o
LOAD ./Drivers/STM32F1xx_HAL_Driver/Src/stm32f1xx_hal_dma.o
LOAD ./Drivers/STM32F1xx_HAL_Driver/Src/stm32f1xx_hal_exti.o
LOAD ./Drivers/STM32F1xx_HAL_Driver/Src/stm32f1xx_hal_flash.o
LOAD ./Drivers/STM32F1xx_HAL_Driver/Src/stm32f1xx_hal_flash_ex.o
LOAD ./Drivers/STM32F1xx_HAL_Driver/Src/stm32f1xx_hal_gpio.o
LOAD ./Drivers/STM32F1xx_HAL_Driver/Src/stm32f1xx_hal_gpio_ex.o
LOAD ./Drivers/STM32F1xx_HAL_Driver/Src/stm32f1xx_hal_pwr.o
LOAD ./Drivers/STM32F1xx_HAL_Driver/Src/stm32f1xx_hal_rcc.o
LOAD ./Drivers/STM32F1xx_HAL_Driver/Src/stm32f1xx_hal_rcc_ex.o
LOAD ./Drivers/STM32F1xx_HAL_Driver/Src/stm32f1xx_hal_tim.o
LOAD ./Drivers/STM32F1xx_HAL_Driver/Src/stm32f1xx_hal_tim_ex.o
START GROUP
LOAD C:/ST/STM32CubeIDE_1.14.0/STM32CubeIDE/plugins/com.st.stm32cube.ide.mcu.externaltools.gnu-tools-for-stm32.11.3.rel1.win32_1.1.100.202309141235/tools/bin/../lib/gcc/arm-none-eabi/11.3.1/../../../../arm-none-eabi/lib/thumb/v7-m/nofp\libc_nano.a
LOAD C:/ST/STM32CubeIDE_1.14.0/STM32CubeIDE/plugins/com.st.stm32cube.ide.mcu.externaltools.gnu-tools-for-stm32.11.3.rel1.win32_1.1.100.202309141235/tools/bin/../lib/gcc/arm-none-eabi/11.3.1/../../../../arm-none-eabi/lib/thumb/v7-m/nofp\libm.a
END GROUP
START GROUP
LOAD C:/ST/STM32CubeIDE_1.14.0/STM32CubeIDE/plugins/com.st.stm32cube.ide.mcu.externaltools.gnu-tools-for-stm32.11.3.rel1.win32_1.1.100.202309141235/tools/bin/../lib/gcc/arm-none-eabi/11.3.1/thumb/v7-m/nofp\libgcc.a
LOAD C:/ST/STM32CubeIDE_1.14.0/STM32CubeIDE/plugins/com.st.stm32cube.ide.mcu.externaltools.gnu-tools-for-stm32.11.3.rel1.win32_1.1.100.202309141235/tools/bin/../lib/gcc/arm-none-eabi/11.3.1/../../../../arm-none-eabi/lib/thumb/v7-m/nofp\libc_nano.a
END GROUP
START GROUP
LOAD C:/ST/STM32CubeIDE_1.14.0/STM32CubeIDE/plugins/com.st.stm32cube.ide.mcu.externaltools.gnu-tools-for-stm32.11.3.rel1.win32_1.1.100.202309141235/tools/bin/../lib/gcc/arm-none-eabi/11.3.1/thumb/v7-m/nofp\libgcc.a
LOAD C:/ST/STM32CubeIDE_1.14.0/STM32CubeIDE/plugins/com.st.stm32cube.ide.mcu.externaltools.gnu-tools-for-stm32.11.3.rel1.win32_1.1.100.202309141235/tools/bin/../lib/gcc/arm-none-eabi/11.3.1/../../../../arm-none-eabi/lib/thumb/v7-m/nofp\libc_nano.a
LOAD C:/ST/STM32CubeIDE_1.14.0/STM32CubeIDE/plugins/com.st.stm32cube.ide.mcu.externaltools.gnu-tools-for-stm32.11.3.rel1.win32_1.1.100.202309141235/tools/bin/../lib/gcc/arm-none-eabi/11.3.1/../../../../arm-none-eabi/lib/thumb/v7-m/nofp\libnosys.a
END GROUP
START GROUP
LOAD C:/ST/STM32CubeIDE_1.14.0/STM32CubeIDE/plugins/com.st.stm32cube.ide.mcu.externaltools.gnu-tools-for-stm32.11.3.rel1.win32_1.1.100.202309141235/tools/bin/../lib/gcc/arm-none-eabi/11.3.1/thumb/v7-m/nofp\libgcc.a
LOAD C:/ST/STM32CubeIDE_1.14.0/STM32CubeIDE/plugins/com.st.stm32cube.ide.mcu.externaltools.gnu-tools-for-stm32.11.3.rel1.win32_1.1.100.202309141235/tools/bin/../lib/gcc/arm-none-eabi/11.3.1/../../../../arm-none-eabi/lib/thumb/v7-m/nofp\libc_nano.a
LOAD C:/ST/STM32CubeIDE_1.14.0/STM32CubeIDE/plugins/com.st.stm32cube.ide.mcu.externaltools.gnu-tools-for-stm32.11.3.rel1.win32_1.1.100.202309141235/tools/bin/../lib/gcc/arm-none-eabi/11.3.1/../../../../arm-none-eabi/lib/thumb/v7-m/nofp\libnosys.a
END GROUP
LOAD C:/ST/STM32CubeIDE_1.14.0/STM32CubeIDE/plugins/com.st.stm32cube.ide.mcu.externaltools.gnu-tools-for-stm32.11.3.rel1.win32_1.1.100.202309141235/tools/bin/../lib/gcc/arm-none-eabi/11.3.1/thumb/v7-m/nofp/crtend.o
LOAD C:/ST/STM32CubeIDE_1.14.0/STM32CubeIDE/plugins/com.st.stm32cube.ide.mcu.externaltools.gnu-tools-for-stm32.11.3.rel1.win32_1.1.100.202309141235/tools/bin/../lib/gcc/arm-none-eabi/11.3.1/thumb/v7-m/nofp/crtn.o
                0x0000000020002800                _estack = (ORIGIN (RAM) + LENGTH (RAM))
                0x0000000000000200                _Min_Heap_Size = 0x200
                0x0000000000000400                _Min_Stack_Size = 0x400

.isr_vector     0x0000000008000000      0x10c
                0x0000000008000000                . = ALIGN (0x4)
 *(.isr_vector)
 .isr_vector    0x0000000008000000      0x10c ./Core/Startup/startup_stm32f103c6ux.o
                0x0000000008000000                g_pfnVectors
                0x000000000800010c                . = ALIGN (0x4)

.text           0x000000000800010c     0x3010
                0x000000000800010c                . = ALIGN (0x4)
 *(.text)
 .text          0x000000000800010c       0x40 C:/ST/STM32CubeIDE_1.14.0/STM32CubeIDE/plugins/com.st.stm32cube.ide.mcu.externaltools.gnu-tools-for-stm32.11.3.rel1.win32_1.1.100.202309141235/tools/bin/../lib/gcc/arm-none-eabi/11.3.1/thumb/v7-m/nofp/crtbegin.o
 *(.text*)
 .text.auto_mode
                0x000000000800014c       0xf8 ./Core/Src/auto_mode.o
                0x000000000800014c                auto_mode
 .text.init_button
                0x0000000008000244       0x40 ./Core/Src/button.o
                0x0000000008000244                init_button
 .text.button_reading
                0x0000000008000284      0x154 ./Core/Src/button.o
                0x0000000008000284                button_reading
 .text.is_button_long_pressed
                0x00000000080003d8       0x34 ./Core/Src/button.o
                0x00000000080003d8                is_button_long_pressed
 .text.event_button
                0x000000000800040c       0x48 ./Core/Src/button.o
                0x000000000800040c                event_button
 .text.event_button_long
                0x0000000008000454       0x48 ./Core/Src/button.o
                0x0000000008000454                event_button_long
 .text.clear_event_button
                0x000000000800049c       0x28 ./Core/Src/button.o
                0x000000000800049c                clear_event_button
 .text.clear_event_button_long
                0x00000000080004c4       0x28 ./Core/Src/button.o
                0x00000000080004c4                clear_event_button_long
 .text.configure_mode
                0x00000000080004ec      0x2dc ./Core/Src/configure_mode.o
                0x00000000080004ec                configure_mode
 .text.display7SEG
                0x00000000080007c8      0x114 ./Core/Src/control_display.o
                0x00000000080007c8                display7SEG
 .text.update7SEG
                0x00000000080008dc       0x58 ./Core/Src/control_display.o
                0x00000000080008dc                update7SEG
 .text.init_running
                0x0000000008000934        0xc ./Core/Src/global.o
                0x0000000008000934                init_running
 .text.Display4LED
                0x0000000008000940       0x2c ./Core/Src/main.o
                0x0000000008000940                Display4LED
 .text.ModeDisplay
                0x000000000800096c       0x10 ./Core/Src/main.o
                0x000000000800096c                ModeDisplay
 .text.DisplayLEDPA5
                0x000000000800097c       0x14 ./Core/Src/main.o
                0x000000000800097c                DisplayLEDPA5
 .text.main     0x0000000008000990       0xb8 ./Core/Src/main.o
                0x0000000008000990                main
 .text.SystemClock_Config
                0x0000000008000a48       0x76 ./Core/Src/main.o
                0x0000000008000a48                SystemClock_Config
 *fill*         0x0000000008000abe        0x2 
 .text.MX_TIM2_Init
                0x0000000008000ac0       0x98 ./Core/Src/main.o
 .text.MX_GPIO_Init
                0x0000000008000b58       0xc4 ./Core/Src/main.o
 .text.Error_Handler
                0x0000000008000c1c        0xa ./Core/Src/main.o
                0x0000000008000c1c                Error_Handler
 .text.create_node
                0x0000000008000c26       0x34 ./Core/Src/scheduler.o
                0x0000000008000c26                create_node
 *fill*         0x0000000008000c5a        0x2 
 .text.insert   0x0000000008000c5c       0xf4 ./Core/Src/scheduler.o
                0x0000000008000c5c                insert
 .text.SCH_Intit
                0x0000000008000d50       0x7c ./Core/Src/scheduler.o
                0x0000000008000d50                SCH_Intit
 .text.SCH_Update
                0x0000000008000dcc       0xfc ./Core/Src/scheduler.o
                0x0000000008000dcc                SCH_Update
 .text.SCH_Dispatch_Tasks
                0x0000000008000ec8       0xc0 ./Core/Src/scheduler.o
                0x0000000008000ec8                SCH_Dispatch_Tasks
 .text.SCH_Add_Task
                0x0000000008000f88       0xbc ./Core/Src/scheduler.o
                0x0000000008000f88                SCH_Add_Task
 .text.SCH_Delete_Task
                0x0000000008001044      0x110 ./Core/Src/scheduler.o
                0x0000000008001044                SCH_Delete_Task
 .text.SCH_Go_To_Sleep
                0x0000000008001154       0x10 ./Core/Src/scheduler.o
                0x0000000008001154                SCH_Go_To_Sleep
 .text.setTimer
                0x0000000008001164       0x48 ./Core/Src/software_timer.o
                0x0000000008001164                setTimer
 .text.timer_run
                0x00000000080011ac       0x60 ./Core/Src/software_timer.o
                0x00000000080011ac                timer_run
 .text.istimer_flag
                0x000000000800120c       0x40 ./Core/Src/software_timer.o
                0x000000000800120c                istimer_flag
 .text.HAL_TIM_PeriodElapsedCallback
                0x000000000800124c       0x1e ./Core/Src/software_timer.o
                0x000000000800124c                HAL_TIM_PeriodElapsedCallback
 *fill*         0x000000000800126a        0x2 
 .text.HAL_MspInit
                0x000000000800126c       0x64 ./Core/Src/stm32f1xx_hal_msp.o
                0x000000000800126c                HAL_MspInit
 .text.HAL_TIM_Base_MspInit
                0x00000000080012d0       0x48 ./Core/Src/stm32f1xx_hal_msp.o
                0x00000000080012d0                HAL_TIM_Base_MspInit
 .text.NMI_Handler
                0x0000000008001318        0x6 ./Core/Src/stm32f1xx_it.o
                0x0000000008001318                NMI_Handler
 .text.HardFault_Handler
                0x000000000800131e        0x6 ./Core/Src/stm32f1xx_it.o
                0x000000000800131e                HardFault_Handler
 .text.MemManage_Handler
                0x0000000008001324        0x6 ./Core/Src/stm32f1xx_it.o
                0x0000000008001324                MemManage_Handler
 .text.BusFault_Handler
                0x000000000800132a        0x6 ./Core/Src/stm32f1xx_it.o
                0x000000000800132a                BusFault_Handler
 .text.UsageFault_Handler
                0x0000000008001330        0x6 ./Core/Src/stm32f1xx_it.o
                0x0000000008001330                UsageFault_Handler
 .text.SVC_Handler
                0x0000000008001336        0xc ./Core/Src/stm32f1xx_it.o
                0x0000000008001336                SVC_Handler
 .text.DebugMon_Handler
                0x0000000008001342        0xc ./Core/Src/stm32f1xx_it.o
                0x0000000008001342                DebugMon_Handler
 .text.PendSV_Handler
                0x000000000800134e        0xc ./Core/Src/stm32f1xx_it.o
                0x000000000800134e                PendSV_Handler
 .text.SysTick_Handler
                0x000000000800135a        0xc ./Core/Src/stm32f1xx_it.o
                0x000000000800135a                SysTick_Handler
 *fill*         0x0000000008001366        0x2 
 .text.TIM2_IRQHandler
                0x0000000008001368       0x14 ./Core/Src/stm32f1xx_it.o
                0x0000000008001368                TIM2_IRQHandler
 .text._sbrk    0x000000000800137c       0x6c ./Core/Src/sysmem.o
                0x000000000800137c                _sbrk
 .text.SystemInit
                0x00000000080013e8        0xc ./Core/Src/system_stm32f1xx.o
                0x00000000080013e8                SystemInit
 .text.trafic_light
                0x00000000080013f4      0x420 ./Core/Src/trafic_light.o
                0x00000000080013f4                trafic_light
 .text.Reset_Handler
                0x0000000008001814       0x48 ./Core/Startup/startup_stm32f103c6ux.o
                0x0000000008001814                Reset_Handler
 .text.Default_Handler
                0x000000000800185c        0x2 ./Core/Startup/startup_stm32f103c6ux.o
                0x000000000800185c                RTC_Alarm_IRQHandler
                0x000000000800185c                EXTI2_IRQHandler
                0x000000000800185c                TIM1_CC_IRQHandler
                0x000000000800185c                PVD_IRQHandler
                0x000000000800185c                EXTI3_IRQHandler
                0x000000000800185c                EXTI0_IRQHandler
                0x000000000800185c                ADC1_2_IRQHandler
                0x000000000800185c                SPI1_IRQHandler
                0x000000000800185c                TAMPER_IRQHandler
                0x000000000800185c                DMA1_Channel4_IRQHandler
                0x000000000800185c                RTC_IRQHandler
                0x000000000800185c                DMA1_Channel7_IRQHandler
                0x000000000800185c                CAN1_RX1_IRQHandler
                0x000000000800185c                I2C1_EV_IRQHandler
                0x000000000800185c                DMA1_Channel6_IRQHandler
                0x000000000800185c                TIM3_IRQHandler
                0x000000000800185c                RCC_IRQHandler
                0x000000000800185c                TIM1_TRG_COM_IRQHandler
                0x000000000800185c                DMA1_Channel1_IRQHandler
                0x000000000800185c                Default_Handler
                0x000000000800185c                EXTI15_10_IRQHandler
                0x000000000800185c                EXTI9_5_IRQHandler
                0x000000000800185c                DMA1_Channel5_IRQHandler
                0x000000000800185c                EXTI4_IRQHandler
                0x000000000800185c                USB_LP_CAN1_RX0_IRQHandler
                0x000000000800185c                USB_HP_CAN1_TX_IRQHandler
                0x000000000800185c                DMA1_Channel3_IRQHandler
                0x000000000800185c                TIM1_UP_IRQHandler
                0x000000000800185c                WWDG_IRQHandler
                0x000000000800185c                TIM1_BRK_IRQHandler
                0x000000000800185c                EXTI1_IRQHandler
                0x000000000800185c                USART2_IRQHandler
                0x000000000800185c                DMA1_Channel2_IRQHandler
                0x000000000800185c                CAN1_SCE_IRQHandler
                0x000000000800185c                FLASH_IRQHandler
                0x000000000800185c                USART1_IRQHandler
                0x000000000800185c                I2C1_ER_IRQHandler
                0x000000000800185c                USBWakeUp_IRQHandler
 *fill*         0x000000000800185e        0x2 
 .text.HAL_Init
                0x0000000008001860       0x2c ./Drivers/STM32F1xx_HAL_Driver/Src/stm32f1xx_hal.o
                0x0000000008001860                HAL_Init
 .text.HAL_InitTick
                0x000000000800188c       0x60 ./Drivers/STM32F1xx_HAL_Driver/Src/stm32f1xx_hal.o
                0x000000000800188c                HAL_InitTick
 .text.HAL_IncTick
                0x00000000080018ec       0x24 ./Drivers/STM32F1xx_HAL_Driver/Src/stm32f1xx_hal.o
                0x00000000080018ec                HAL_IncTick
 .text.HAL_GetTick
                0x0000000008001910       0x14 ./Drivers/STM32F1xx_HAL_Driver/Src/stm32f1xx_hal.o
                0x0000000008001910                HAL_GetTick
 .text.__NVIC_SetPriorityGrouping
                0x0000000008001924       0x48 ./Drivers/STM32F1xx_HAL_Driver/Src/stm32f1xx_hal_cortex.o
 .text.__NVIC_GetPriorityGrouping
                0x000000000800196c       0x1c ./Drivers/STM32F1xx_HAL_Driver/Src/stm32f1xx_hal_cortex.o
 .text.__NVIC_EnableIRQ
                0x0000000008001988       0x38 ./Drivers/STM32F1xx_HAL_Driver/Src/stm32f1xx_hal_cortex.o
 .text.__NVIC_SetPriority
                0x00000000080019c0       0x54 ./Drivers/STM32F1xx_HAL_Driver/Src/stm32f1xx_hal_cortex.o
 .text.NVIC_EncodePriority
                0x0000000008001a14       0x64 ./Drivers/STM32F1xx_HAL_Driver/Src/stm32f1xx_hal_cortex.o
 .text.SysTick_Config
                0x0000000008001a78       0x44 ./Drivers/STM32F1xx_HAL_Driver/Src/stm32f1xx_hal_cortex.o
 .text.HAL_NVIC_SetPriorityGrouping
                0x0000000008001abc       0x16 ./Drivers/STM32F1xx_HAL_Driver/Src/stm32f1xx_hal_cortex.o
                0x0000000008001abc                HAL_NVIC_SetPriorityGrouping
 .text.HAL_NVIC_SetPriority
                0x0000000008001ad2       0x38 ./Drivers/STM32F1xx_HAL_Driver/Src/stm32f1xx_hal_cortex.o
                0x0000000008001ad2                HAL_NVIC_SetPriority
 .text.HAL_NVIC_EnableIRQ
                0x0000000008001b0a       0x1c ./Drivers/STM32F1xx_HAL_Driver/Src/stm32f1xx_hal_cortex.o
                0x0000000008001b0a                HAL_NVIC_EnableIRQ
 .text.HAL_SYSTICK_Config
                0x0000000008001b26       0x18 ./Drivers/STM32F1xx_HAL_Driver/Src/stm32f1xx_hal_cortex.o
                0x0000000008001b26                HAL_SYSTICK_Config
 *fill*         0x0000000008001b3e        0x2 
 .text.HAL_GPIO_Init
                0x0000000008001b40      0x2f8 ./Drivers/STM32F1xx_HAL_Driver/Src/stm32f1xx_hal_gpio.o
                0x0000000008001b40                HAL_GPIO_Init
 .text.HAL_GPIO_ReadPin
                0x0000000008001e38       0x2e ./Drivers/STM32F1xx_HAL_Driver/Src/stm32f1xx_hal_gpio.o
                0x0000000008001e38                HAL_GPIO_ReadPin
 .text.HAL_GPIO_WritePin
                0x0000000008001e66       0x30 ./Drivers/STM32F1xx_HAL_Driver/Src/stm32f1xx_hal_gpio.o
                0x0000000008001e66                HAL_GPIO_WritePin
 .text.HAL_GPIO_TogglePin
                0x0000000008001e96       0x32 ./Drivers/STM32F1xx_HAL_Driver/Src/stm32f1xx_hal_gpio.o
                0x0000000008001e96                HAL_GPIO_TogglePin
 .text.HAL_PWR_EnterSLEEPMode
                0x0000000008001ec8       0x38 ./Drivers/STM32F1xx_HAL_Driver/Src/stm32f1xx_hal_pwr.o
                0x0000000008001ec8                HAL_PWR_EnterSLEEPMode
 .text.HAL_RCC_OscConfig
                0x0000000008001f00      0x504 ./Drivers/STM32F1xx_HAL_Driver/Src/stm32f1xx_hal_rcc.o
                0x0000000008001f00                HAL_RCC_OscConfig
 .text.HAL_RCC_ClockConfig
                0x0000000008002404      0x1d4 ./Drivers/STM32F1xx_HAL_Driver/Src/stm32f1xx_hal_rcc.o
                0x0000000008002404                HAL_RCC_ClockConfig
 .text.HAL_RCC_GetSysClockFreq
                0x00000000080025d8       0xa8 ./Drivers/STM32F1xx_HAL_Driver/Src/stm32f1xx_hal_rcc.o
                0x00000000080025d8                HAL_RCC_GetSysClockFreq
 .text.RCC_Delay
                0x0000000008002680       0x3c ./Drivers/STM32F1xx_HAL_Driver/Src/stm32f1xx_hal_rcc.o
 .text.HAL_TIM_Base_Init
                0x00000000080026bc       0x9e ./Drivers/STM32F1xx_HAL_Driver/Src/stm32f1xx_hal_tim.o
                0x00000000080026bc                HAL_TIM_Base_Init
 *fill*         0x000000000800275a        0x2 
 .text.HAL_TIM_Base_Start_IT
                0x000000000800275c       0x98 ./Drivers/STM32F1xx_HAL_Driver/Src/stm32f1xx_hal_tim.o
                0x000000000800275c                HAL_TIM_Base_Start_IT
 .text.HAL_TIM_IRQHandler
                0x00000000080027f4      0x1e0 ./Drivers/STM32F1xx_HAL_Driver/Src/stm32f1xx_hal_tim.o
                0x00000000080027f4                HAL_TIM_IRQHandler
 .text.HAL_TIM_ConfigClockSource
                0x00000000080029d4      0x18e ./Drivers/STM32F1xx_HAL_Driver/Src/stm32f1xx_hal_tim.o
                0x00000000080029d4                HAL_TIM_ConfigClockSource
 .text.HAL_TIM_OC_DelayElapsedCallback
                0x0000000008002b62       0x12 ./Drivers/STM32F1xx_HAL_Driver/Src/stm32f1xx_hal_tim.o
                0x0000000008002b62                HAL_TIM_OC_DelayElapsedCallback
 .text.HAL_TIM_IC_CaptureCallback
                0x0000000008002b74       0x12 ./Drivers/STM32F1xx_HAL_Driver/Src/stm32f1xx_hal_tim.o
                0x0000000008002b74                HAL_TIM_IC_CaptureCallback
 .text.HAL_TIM_PWM_PulseFinishedCallback
                0x0000000008002b86       0x12 ./Drivers/STM32F1xx_HAL_Driver/Src/stm32f1xx_hal_tim.o
                0x0000000008002b86                HAL_TIM_PWM_PulseFinishedCallback
 .text.HAL_TIM_TriggerCallback
                0x0000000008002b98       0x12 ./Drivers/STM32F1xx_HAL_Driver/Src/stm32f1xx_hal_tim.o
                0x0000000008002b98                HAL_TIM_TriggerCallback
 *fill*         0x0000000008002baa        0x2 
 .text.TIM_Base_SetConfig
                0x0000000008002bac       0xc8 ./Drivers/STM32F1xx_HAL_Driver/Src/stm32f1xx_hal_tim.o
                0x0000000008002bac                TIM_Base_SetConfig
 .text.TIM_TI1_ConfigInputStage
                0x0000000008002c74       0x5c ./Drivers/STM32F1xx_HAL_Driver/Src/stm32f1xx_hal_tim.o
 .text.TIM_TI2_ConfigInputStage
                0x0000000008002cd0       0x5e ./Drivers/STM32F1xx_HAL_Driver/Src/stm32f1xx_hal_tim.o
 .text.TIM_ITRx_SetConfig
                0x0000000008002d2e       0x34 ./Drivers/STM32F1xx_HAL_Driver/Src/stm32f1xx_hal_tim.o
 .text.TIM_ETR_SetConfig
                0x0000000008002d62       0x3e ./Drivers/STM32F1xx_HAL_Driver/Src/stm32f1xx_hal_tim.o
                0x0000000008002d62                TIM_ETR_SetConfig
 .text.HAL_TIMEx_MasterConfigSynchronization
                0x0000000008002da0       0xb0 ./Drivers/STM32F1xx_HAL_Driver/Src/stm32f1xx_hal_tim_ex.o
                0x0000000008002da0                HAL_TIMEx_MasterConfigSynchronization
 .text.HAL_TIMEx_CommutCallback
                0x0000000008002e50       0x12 ./Drivers/STM32F1xx_HAL_Driver/Src/stm32f1xx_hal_tim_ex.o
                0x0000000008002e50                HAL_TIMEx_CommutCallback
 .text.HAL_TIMEx_BreakCallback
                0x0000000008002e62       0x12 ./Drivers/STM32F1xx_HAL_Driver/Src/stm32f1xx_hal_tim_ex.o
                0x0000000008002e62                HAL_TIMEx_BreakCallback
 .text.malloc   0x0000000008002e74       0x10 C:/ST/STM32CubeIDE_1.14.0/STM32CubeIDE/plugins/com.st.stm32cube.ide.mcu.externaltools.gnu-tools-for-stm32.11.3.rel1.win32_1.1.100.202309141235/tools/bin/../lib/gcc/arm-none-eabi/11.3.1/../../../../arm-none-eabi/lib/thumb/v7-m/nofp\libc_nano.a(libc_a-malloc.o)
                0x0000000008002e74                malloc
 .text.free     0x0000000008002e84       0x10 C:/ST/STM32CubeIDE_1.14.0/STM32CubeIDE/plugins/com.st.stm32cube.ide.mcu.externaltools.gnu-tools-for-stm32.11.3.rel1.win32_1.1.100.202309141235/tools/bin/../lib/gcc/arm-none-eabi/11.3.1/../../../../arm-none-eabi/lib/thumb/v7-m/nofp\libc_nano.a(libc_a-malloc.o)
                0x0000000008002e84                free
 .text.sbrk_aligned
                0x0000000008002e94       0x40 C:/ST/STM32CubeIDE_1.14.0/STM32CubeIDE/plugins/com.st.stm32cube.ide.mcu.externaltools.gnu-tools-for-stm32.11.3.rel1.win32_1.1.100.202309141235/tools/bin/../lib/gcc/arm-none-eabi/11.3.1/../../../../arm-none-eabi/lib/thumb/v7-m/nofp\libc_nano.a(libc_a-mallocr.o)
 .text._malloc_r
                0x0000000008002ed4      0x100 C:/ST/STM32CubeIDE_1.14.0/STM32CubeIDE/plugins/com.st.stm32cube.ide.mcu.externaltools.gnu-tools-for-stm32.11.3.rel1.win32_1.1.100.202309141235/tools/bin/../lib/gcc/arm-none-eabi/11.3.1/../../../../arm-none-eabi/lib/thumb/v7-m/nofp\libc_nano.a(libc_a-mallocr.o)
                0x0000000008002ed4                _malloc_r
 .text.__malloc_lock
                0x0000000008002fd4        0xc C:/ST/STM32CubeIDE_1.14.0/STM32CubeIDE/plugins/com.st.stm32cube.ide.mcu.externaltools.gnu-tools-for-stm32.11.3.rel1.win32_1.1.100.202309141235/tools/bin/../lib/gcc/arm-none-eabi/11.3.1/../../../../arm-none-eabi/lib/thumb/v7-m/nofp\libc_nano.a(libc_a-mlock.o)
                0x0000000008002fd4                __malloc_lock
 .text.__malloc_unlock
                0x0000000008002fe0        0xc C:/ST/STM32CubeIDE_1.14.0/STM32CubeIDE/plugins/com.st.stm32cube.ide.mcu.externaltools.gnu-tools-for-stm32.11.3.rel1.win32_1.1.100.202309141235/tools/bin/../lib/gcc/arm-none-eabi/11.3.1/../../../../arm-none-eabi/lib/thumb/v7-m/nofp\libc_nano.a(libc_a-mlock.o)
                0x0000000008002fe0                __malloc_unlock
 .text.memset   0x0000000008002fec       0x10 C:/ST/STM32CubeIDE_1.14.0/STM32CubeIDE/plugins/com.st.stm32cube.ide.mcu.externaltools.gnu-tools-for-stm32.11.3.rel1.win32_1.1.100.202309141235/tools/bin/../lib/gcc/arm-none-eabi/11.3.1/../../../../arm-none-eabi/lib/thumb/v7-m/nofp\libc_nano.a(libc_a-memset.o)
                0x0000000008002fec                memset
 .text._sbrk_r  0x0000000008002ffc       0x20 C:/ST/STM32CubeIDE_1.14.0/STM32CubeIDE/plugins/com.st.stm32cube.ide.mcu.externaltools.gnu-tools-for-stm32.11.3.rel1.win32_1.1.100.202309141235/tools/bin/../lib/gcc/arm-none-eabi/11.3.1/../../../../arm-none-eabi/lib/thumb/v7-m/nofp\libc_nano.a(libc_a-sbrkr.o)
                0x0000000008002ffc                _sbrk_r
 .text.__errno  0x000000000800301c        0xc C:/ST/STM32CubeIDE_1.14.0/STM32CubeIDE/plugins/com.st.stm32cube.ide.mcu.externaltools.gnu-tools-for-stm32.11.3.rel1.win32_1.1.100.202309141235/tools/bin/../lib/gcc/arm-none-eabi/11.3.1/../../../../arm-none-eabi/lib/thumb/v7-m/nofp\libc_nano.a(libc_a-errno.o)
                0x000000000800301c                __errno
 .text.__libc_init_array
                0x0000000008003028       0x48 C:/ST/STM32CubeIDE_1.14.0/STM32CubeIDE/plugins/com.st.stm32cube.ide.mcu.externaltools.gnu-tools-for-stm32.11.3.rel1.win32_1.1.100.202309141235/tools/bin/../lib/gcc/arm-none-eabi/11.3.1/../../../../arm-none-eabi/lib/thumb/v7-m/nofp\libc_nano.a(libc_a-init.o)
                0x0000000008003028                __libc_init_array
 .text.__retarget_lock_acquire_recursive
                0x0000000008003070        0x2 C:/ST/STM32CubeIDE_1.14.0/STM32CubeIDE/plugins/com.st.stm32cube.ide.mcu.externaltools.gnu-tools-for-stm32.11.3.rel1.win32_1.1.100.202309141235/tools/bin/../lib/gcc/arm-none-eabi/11.3.1/../../../../arm-none-eabi/lib/thumb/v7-m/nofp\libc_nano.a(libc_a-lock.o)
                0x0000000008003070                __retarget_lock_acquire_recursive
 .text.__retarget_lock_release_recursive
                0x0000000008003072        0x2 C:/ST/STM32CubeIDE_1.14.0/STM32CubeIDE/plugins/com.st.stm32cube.ide.mcu.externaltools.gnu-tools-for-stm32.11.3.rel1.win32_1.1.100.202309141235/tools/bin/../lib/gcc/arm-none-eabi/11.3.1/../../../../arm-none-eabi/lib/thumb/v7-m/nofp\libc_nano.a(libc_a-lock.o)
                0x0000000008003072                __retarget_lock_release_recursive
 .text._free_r  0x0000000008003074       0x90 C:/ST/STM32CubeIDE_1.14.0/STM32CubeIDE/plugins/com.st.stm32cube.ide.mcu.externaltools.gnu-tools-for-stm32.11.3.rel1.win32_1.1.100.202309141235/tools/bin/../lib/gcc/arm-none-eabi/11.3.1/../../../../arm-none-eabi/lib/thumb/v7-m/nofp\libc_nano.a(libc_a-freer.o)
                0x0000000008003074                _free_r
 *(.glue_7)
 .glue_7        0x0000000008003104        0x0 linker stubs
 *(.glue_7t)
 .glue_7t       0x0000000008003104        0x0 linker stubs
 *(.eh_frame)
 .eh_frame      0x0000000008003104        0x0 C:/ST/STM32CubeIDE_1.14.0/STM32CubeIDE/plugins/com.st.stm32cube.ide.mcu.externaltools.gnu-tools-for-stm32.11.3.rel1.win32_1.1.100.202309141235/tools/bin/../lib/gcc/arm-none-eabi/11.3.1/thumb/v7-m/nofp/crtbegin.o
 *(.init)
 .init          0x0000000008003104        0x4 C:/ST/STM32CubeIDE_1.14.0/STM32CubeIDE/plugins/com.st.stm32cube.ide.mcu.externaltools.gnu-tools-for-stm32.11.3.rel1.win32_1.1.100.202309141235/tools/bin/../lib/gcc/arm-none-eabi/11.3.1/thumb/v7-m/nofp/crti.o
                0x0000000008003104                _init
 .init          0x0000000008003108        0x8 C:/ST/STM32CubeIDE_1.14.0/STM32CubeIDE/plugins/com.st.stm32cube.ide.mcu.externaltools.gnu-tools-for-stm32.11.3.rel1.win32_1.1.100.202309141235/tools/bin/../lib/gcc/arm-none-eabi/11.3.1/thumb/v7-m/nofp/crtn.o
 *(.fini)
 .fini          0x0000000008003110        0x4 C:/ST/STM32CubeIDE_1.14.0/STM32CubeIDE/plugins/com.st.stm32cube.ide.mcu.externaltools.gnu-tools-for-stm32.11.3.rel1.win32_1.1.100.202309141235/tools/bin/../lib/gcc/arm-none-eabi/11.3.1/thumb/v7-m/nofp/crti.o
                0x0000000008003110                _fini
 .fini          0x0000000008003114        0x8 C:/ST/STM32CubeIDE_1.14.0/STM32CubeIDE/plugins/com.st.stm32cube.ide.mcu.externaltools.gnu-tools-for-stm32.11.3.rel1.win32_1.1.100.202309141235/tools/bin/../lib/gcc/arm-none-eabi/11.3.1/thumb/v7-m/nofp/crtn.o
                0x000000000800311c                . = ALIGN (0x4)
                0x000000000800311c                _etext = .

.vfp11_veneer   0x000000000800311c        0x0
 .vfp11_veneer  0x000000000800311c        0x0 linker stubs

.v4_bx          0x000000000800311c        0x0
 .v4_bx         0x000000000800311c        0x0 linker stubs

.iplt           0x000000000800311c        0x0
 .iplt          0x000000000800311c        0x0 C:/ST/STM32CubeIDE_1.14.0/STM32CubeIDE/plugins/com.st.stm32cube.ide.mcu.externaltools.gnu-tools-for-stm32.11.3.rel1.win32_1.1.100.202309141235/tools/bin/../lib/gcc/arm-none-eabi/11.3.1/thumb/v7-m/nofp/crtbegin.o

.rodata         0x000000000800311c       0x24
                0x000000000800311c                . = ALIGN (0x4)
 *(.rodata)
 *(.rodata*)
 .rodata.AHBPrescTable
                0x000000000800311c       0x10 ./Core/Src/system_stm32f1xx.o
                0x000000000800311c                AHBPrescTable
 .rodata.aPLLMULFactorTable.1
                0x000000000800312c       0x10 ./Drivers/STM32F1xx_HAL_Driver/Src/stm32f1xx_hal_rcc.o
 .rodata.aPredivFactorTable.0
                0x000000000800313c        0x2 ./Drivers/STM32F1xx_HAL_Driver/Src/stm32f1xx_hal_rcc.o
                0x0000000008003140                . = ALIGN (0x4)
 *fill*         0x000000000800313e        0x2 

.rel.dyn        0x0000000008003140        0x0
 .rel.iplt      0x0000000008003140        0x0 C:/ST/STM32CubeIDE_1.14.0/STM32CubeIDE/plugins/com.st.stm32cube.ide.mcu.externaltools.gnu-tools-for-stm32.11.3.rel1.win32_1.1.100.202309141235/tools/bin/../lib/gcc/arm-none-eabi/11.3.1/thumb/v7-m/nofp/crtbegin.o

.ARM.extab      0x0000000008003140        0x0
                0x0000000008003140                . = ALIGN (0x4)
 *(.ARM.extab* .gnu.linkonce.armextab.*)
                0x0000000008003140                . = ALIGN (0x4)

.ARM            0x0000000008003140        0x0
                0x0000000008003140                . = ALIGN (0x4)
                0x0000000008003140                __exidx_start = .
 *(.ARM.exidx*)
                0x0000000008003140                __exidx_end = .
                0x0000000008003140                . = ALIGN (0x4)

.preinit_array  0x0000000008003140        0x0
                0x0000000008003140                . = ALIGN (0x4)
                0x0000000008003140                PROVIDE (__preinit_array_start = .)
 *(.preinit_array*)
                0x0000000008003140                PROVIDE (__preinit_array_end = .)
                0x0000000008003140                . = ALIGN (0x4)

.init_array     0x0000000008003140        0x4
                0x0000000008003140                . = ALIGN (0x4)
                0x0000000008003140                PROVIDE (__init_array_start = .)
 *(SORT_BY_NAME(.init_array.*))
 *(.init_array*)
 .init_array    0x0000000008003140        0x4 C:/ST/STM32CubeIDE_1.14.0/STM32CubeIDE/plugins/com.st.stm32cube.ide.mcu.externaltools.gnu-tools-for-stm32.11.3.rel1.win32_1.1.100.202309141235/tools/bin/../lib/gcc/arm-none-eabi/11.3.1/thumb/v7-m/nofp/crtbegin.o
                0x0000000008003144                PROVIDE (__init_array_end = .)
                0x0000000008003144                . = ALIGN (0x4)

.fini_array     0x0000000008003144        0x4
                0x0000000008003144                . = ALIGN (0x4)
                [!provide]                        PROVIDE (__fini_array_start = .)
 *(SORT_BY_NAME(.fini_array.*))
 *(.fini_array*)
 .fini_array    0x0000000008003144        0x4 C:/ST/STM32CubeIDE_1.14.0/STM32CubeIDE/plugins/com.st.stm32cube.ide.mcu.externaltools.gnu-tools-for-stm32.11.3.rel1.win32_1.1.100.202309141235/tools/bin/../lib/gcc/arm-none-eabi/11.3.1/thumb/v7-m/nofp/crtbegin.o
                [!provide]                        PROVIDE (__fini_array_end = .)
                0x0000000008003148                . = ALIGN (0x4)
                0x0000000008003148                _sidata = LOADADDR (.data)

.data           0x0000000020000000       0x88 load address 0x0000000008003148
                0x0000000020000000                . = ALIGN (0x4)
                0x0000000020000000                _sdata = .
 *(.data)
 *(.data*)
 .data.BUTTON_MAP
                0x0000000020000000        0x6 ./Core/Src/button.o
 *fill*         0x0000000020000006        0x2 
 .data.BUTTON_PORT_MAP
                0x0000000020000008        0xc ./Core/Src/button.o
 .data.ENMAP    0x0000000020000014        0x8 ./Core/Src/control_display.o
                0x0000000020000014                ENMAP
 .data.TIME_RED_LED
                0x000000002000001c        0x4 ./Core/Src/global.o
                0x000000002000001c                TIME_RED_LED
 .data.TIME_AMBER_LED
                0x0000000020000020        0x4 ./Core/Src/global.o
                0x0000000020000020                TIME_AMBER_LED
 .data.TIME_GREEN_LED
                0x0000000020000024        0x4 ./Core/Src/global.o
                0x0000000020000024                TIME_GREEN_LED
 .data.state_trafic_light
                0x0000000020000028        0x1 ./Core/Src/global.o
                0x0000000020000028                state_trafic_light
 *fill*         0x0000000020000029        0x3 
 .data.SystemCoreClock
                0x000000002000002c        0x4 ./Core/Src/system_stm32f1xx.o
                0x000000002000002c                SystemCoreClock
 .data.uwTickPrio
                0x0000000020000030        0x4 ./Drivers/STM32F1xx_HAL_Driver/Src/stm32f1xx_hal.o
                0x0000000020000030                uwTickPrio
 .data.uwTickFreq
                0x0000000020000034        0x1 ./Drivers/STM32F1xx_HAL_Driver/Src/stm32f1xx_hal.o
                0x0000000020000034                uwTickFreq
 *fill*         0x0000000020000035        0x3 
 .data._impure_data
                0x0000000020000038       0x4c C:/ST/STM32CubeIDE_1.14.0/STM32CubeIDE/plugins/com.st.stm32cube.ide.mcu.externaltools.gnu-tools-for-stm32.11.3.rel1.win32_1.1.100.202309141235/tools/bin/../lib/gcc/arm-none-eabi/11.3.1/../../../../arm-none-eabi/lib/thumb/v7-m/nofp\libc_nano.a(libc_a-impure.o)
                0x0000000020000038                _impure_data
 .data._impure_ptr
                0x0000000020000084        0x4 C:/ST/STM32CubeIDE_1.14.0/STM32CubeIDE/plugins/com.st.stm32cube.ide.mcu.externaltools.gnu-tools-for-stm32.11.3.rel1.win32_1.1.100.202309141235/tools/bin/../lib/gcc/arm-none-eabi/11.3.1/../../../../arm-none-eabi/lib/thumb/v7-m/nofp\libc_nano.a(libc_a-impure.o)
                0x0000000020000084                _impure_ptr
 *(.RamFunc)
 *(.RamFunc*)
                0x0000000020000088                . = ALIGN (0x4)
                0x0000000020000088                _edata = .

.igot.plt       0x0000000020000088        0x0 load address 0x00000000080031d0
 .igot.plt      0x0000000020000088        0x0 C:/ST/STM32CubeIDE_1.14.0/STM32CubeIDE/plugins/com.st.stm32cube.ide.mcu.externaltools.gnu-tools-for-stm32.11.3.rel1.win32_1.1.100.202309141235/tools/bin/../lib/gcc/arm-none-eabi/11.3.1/thumb/v7-m/nofp/crtbegin.o
                0x0000000020000088                . = ALIGN (0x4)

.bss            0x0000000020000088      0x440 load address 0x00000000080031d0
                0x0000000020000088                _sbss = .
                0x0000000020000088                __bss_start__ = _sbss
 *(.bss)
 .bss           0x0000000020000088       0x1c C:/ST/STM32CubeIDE_1.14.0/STM32CubeIDE/plugins/com.st.stm32cube.ide.mcu.externaltools.gnu-tools-for-stm32.11.3.rel1.win32_1.1.100.202309141235/tools/bin/../lib/gcc/arm-none-eabi/11.3.1/thumb/v7-m/nofp/crtbegin.o
 *(.bss*)
 .bss.buttonBuffer
                0x00000000200000a4        0x3 ./Core/Src/button.o
 *fill*         0x00000000200000a7        0x1 
 .bss.debounceButtonBuffer
                0x00000000200000a8        0x3 ./Core/Src/button.o
 *fill*         0x00000000200000ab        0x1 
 .bss.counterButtonBuffer
                0x00000000200000ac        0x6 ./Core/Src/button.o
 *fill*         0x00000000200000b2        0x2 
 .bss.counterButtonLongPress
                0x00000000200000b4        0x6 ./Core/Src/button.o
 *fill*         0x00000000200000ba        0x2 
 .bss.eventPress
                0x00000000200000bc        0x3 ./Core/Src/button.o
 *fill*         0x00000000200000bf        0x1 
 .bss.flagButtonLongPress
                0x00000000200000c0        0x3 ./Core/Src/button.o
 *fill*         0x00000000200000c3        0x1 
 .bss.eventTransitionLongPress
                0x00000000200000c4        0x3 ./Core/Src/button.o
 *fill*         0x00000000200000c7        0x1 
 .bss.counter_long_press
                0x00000000200000c8        0x4 ./Core/Src/configure_mode.o
                0x00000000200000c8                counter_long_press
 .bss.software_timers
                0x00000000200000cc       0x50 ./Core/Src/global.o
                0x00000000200000cc                software_timers
 .bss.index_led
                0x000000002000011c        0x4 ./Core/Src/global.o
                0x000000002000011c                index_led
 .bss.led_buffer
                0x0000000020000120       0x10 ./Core/Src/global.o
                0x0000000020000120                led_buffer
 .bss.TempConfigure
                0x0000000020000130        0x4 ./Core/Src/global.o
                0x0000000020000130                TempConfigure
 .bss.counter_trafic_light
                0x0000000020000134        0x4 ./Core/Src/global.o
                0x0000000020000134                counter_trafic_light
 .bss.counter_7LED
                0x0000000020000138        0x4 ./Core/Src/global.o
                0x0000000020000138                counter_7LED
 .bss.counter_configure_mode
                0x000000002000013c        0x4 ./Core/Src/global.o
                0x000000002000013c                counter_configure_mode
 .bss.mode      0x0000000020000140        0x1 ./Core/Src/global.o
                0x0000000020000140                mode
 *fill*         0x0000000020000141        0x3 
 .bss.htim2     0x0000000020000144       0x48 ./Core/Src/main.o
                0x0000000020000144                htim2
 .bss.TaskList  0x000000002000018c      0x1e0 ./Core/Src/scheduler.o
                0x000000002000018c                TaskList
 .bss.WaitingList
                0x000000002000036c        0x4 ./Core/Src/scheduler.o
                0x000000002000036c                WaitingList
 .bss.ActiveList
                0x0000000020000370        0x4 ./Core/Src/scheduler.o
                0x0000000020000370                ActiveList
 .bss.numTask   0x0000000020000374        0x2 ./Core/Src/scheduler.o
                0x0000000020000374                numTask
 *fill*         0x0000000020000376        0x2 
 .bss.__sbrk_heap_end
                0x0000000020000378        0x4 ./Core/Src/sysmem.o
 .bss.uwTick    0x000000002000037c        0x4 ./Drivers/STM32F1xx_HAL_Driver/Src/stm32f1xx_hal.o
                0x000000002000037c                uwTick
 .bss.__malloc_free_list
                0x0000000020000380        0x4 C:/ST/STM32CubeIDE_1.14.0/STM32CubeIDE/plugins/com.st.stm32cube.ide.mcu.externaltools.gnu-tools-for-stm32.11.3.rel1.win32_1.1.100.202309141235/tools/bin/../lib/gcc/arm-none-eabi/11.3.1/../../../../arm-none-eabi/lib/thumb/v7-m/nofp\libc_nano.a(libc_a-mallocr.o)
                0x0000000020000380                __malloc_free_list
 .bss.__malloc_sbrk_start
                0x0000000020000384        0x4 C:/ST/STM32CubeIDE_1.14.0/STM32CubeIDE/plugins/com.st.stm32cube.ide.mcu.externaltools.gnu-tools-for-stm32.11.3.rel1.win32_1.1.100.202309141235/tools/bin/../lib/gcc/arm-none-eabi/11.3.1/../../../../arm-none-eabi/lib/thumb/v7-m/nofp\libc_nano.a(libc_a-mallocr.o)
                0x0000000020000384                __malloc_sbrk_start
 .bss.__sf      0x0000000020000388      0x138 C:/ST/STM32CubeIDE_1.14.0/STM32CubeIDE/plugins/com.st.stm32cube.ide.mcu.externaltools.gnu-tools-for-stm32.11.3.rel1.win32_1.1.100.202309141235/tools/bin/../lib/gcc/arm-none-eabi/11.3.1/../../../../arm-none-eabi/lib/thumb/v7-m/nofp\libc_nano.a(libc_a-findfp.o)
                0x0000000020000388                __sf
 .bss.errno     0x00000000200004c0        0x4 C:/ST/STM32CubeIDE_1.14.0/STM32CubeIDE/plugins/com.st.stm32cube.ide.mcu.externaltools.gnu-tools-for-stm32.11.3.rel1.win32_1.1.100.202309141235/tools/bin/../lib/gcc/arm-none-eabi/11.3.1/../../../../arm-none-eabi/lib/thumb/v7-m/nofp\libc_nano.a(libc_a-reent.o)
                0x00000000200004c0                errno
 .bss.__lock___malloc_recursive_mutex
                0x00000000200004c4        0x1 C:/ST/STM32CubeIDE_1.14.0/STM32CubeIDE/plugins/com.st.stm32cube.ide.mcu.externaltools.gnu-tools-for-stm32.11.3.rel1.win32_1.1.100.202309141235/tools/bin/../lib/gcc/arm-none-eabi/11.3.1/../../../../arm-none-eabi/lib/thumb/v7-m/nofp\libc_nano.a(libc_a-lock.o)
                0x00000000200004c4                __lock___malloc_recursive_mutex
 *(COMMON)
                0x00000000200004c8                . = ALIGN (0x4)
 *fill*         0x00000000200004c5        0x3 
                0x00000000200004c8                _ebss = .
                0x00000000200004c8                __bss_end__ = _ebss

._user_heap_stack
                0x00000000200004c8      0x600 load address 0x00000000080031d0
                0x00000000200004c8                . = ALIGN (0x8)
                [!provide]                        PROVIDE (end = .)
                0x00000000200004c8                PROVIDE (_end = .)
                0x00000000200006c8                . = (. + _Min_Heap_Size)
 *fill*         0x00000000200004c8      0x200 
                0x0000000020000ac8                . = (. + _Min_Stack_Size)
 *fill*         0x00000000200006c8      0x400 
                0x0000000020000ac8                . = ALIGN (0x8)

/DISCARD/
 libc.a(*)
 libm.a(*)
 libgcc.a(*)

.ARM.attributes
                0x0000000000000000       0x29
 *(.ARM.attributes)
 .ARM.attributes
                0x0000000000000000       0x1d C:/ST/STM32CubeIDE_1.14.0/STM32CubeIDE/plugins/com.st.stm32cube.ide.mcu.externaltools.gnu-tools-for-stm32.11.3.rel1.win32_1.1.100.202309141235/tools/bin/../lib/gcc/arm-none-eabi/11.3.1/thumb/v7-m/nofp/crti.o
 .ARM.attributes
                0x000000000000001d       0x2d C:/ST/STM32CubeIDE_1.14.0/STM32CubeIDE/plugins/com.st.stm32cube.ide.mcu.externaltools.gnu-tools-for-stm32.11.3.rel1.win32_1.1.100.202309141235/tools/bin/../lib/gcc/arm-none-eabi/11.3.1/thumb/v7-m/nofp/crtbegin.o
 .ARM.attributes
                0x000000000000004a       0x2d ./Core/Src/auto_mode.o
 .ARM.attributes
                0x0000000000000077       0x2d ./Core/Src/button.o
 .ARM.attributes
                0x00000000000000a4       0x2d ./Core/Src/configure_mode.o
 .ARM.attributes
                0x00000000000000d1       0x2d ./Core/Src/control_display.o
 .ARM.attributes
                0x00000000000000fe       0x2d ./Core/Src/global.o
 .ARM.attributes
                0x000000000000012b       0x2d ./Core/Src/main.o
 .ARM.attributes
                0x0000000000000158       0x2d ./Core/Src/scheduler.o
 .ARM.attributes
                0x0000000000000185       0x2d ./Core/Src/software_timer.o
 .ARM.attributes
                0x00000000000001b2       0x2d ./Core/Src/stm32f1xx_hal_msp.o
 .ARM.attributes
                0x00000000000001df       0x2d ./Core/Src/stm32f1xx_it.o
 .ARM.attributes
                0x000000000000020c       0x2d ./Core/Src/sysmem.o
 .ARM.attributes
                0x0000000000000239       0x2d ./Core/Src/system_stm32f1xx.o
 .ARM.attributes
                0x0000000000000266       0x2d ./Core/Src/trafic_light.o
 .ARM.attributes
                0x0000000000000293       0x21 ./Core/Startup/startup_stm32f103c6ux.o
 .ARM.attributes
                0x00000000000002b4       0x2d ./Drivers/STM32F1xx_HAL_Driver/Src/stm32f1xx_hal.o
 .ARM.attributes
                0x00000000000002e1       0x2d ./Drivers/STM32F1xx_HAL_Driver/Src/stm32f1xx_hal_cortex.o
 .ARM.attributes
                0x000000000000030e       0x2d ./Drivers/STM32F1xx_HAL_Driver/Src/stm32f1xx_hal_gpio.o
 .ARM.attributes
                0x000000000000033b       0x2d ./Drivers/STM32F1xx_HAL_Driver/Src/stm32f1xx_hal_pwr.o
 .ARM.attributes
                0x0000000000000368       0x2d ./Drivers/STM32F1xx_HAL_Driver/Src/stm32f1xx_hal_rcc.o
 .ARM.attributes
                0x0000000000000395       0x2d ./Drivers/STM32F1xx_HAL_Driver/Src/stm32f1xx_hal_tim.o
 .ARM.attributes
                0x00000000000003c2       0x2d ./Drivers/STM32F1xx_HAL_Driver/Src/stm32f1xx_hal_tim_ex.o
 .ARM.attributes
                0x00000000000003ef       0x2d C:/ST/STM32CubeIDE_1.14.0/STM32CubeIDE/plugins/com.st.stm32cube.ide.mcu.externaltools.gnu-tools-for-stm32.11.3.rel1.win32_1.1.100.202309141235/tools/bin/../lib/gcc/arm-none-eabi/11.3.1/../../../../arm-none-eabi/lib/thumb/v7-m/nofp\libc_nano.a(libc_a-malloc.o)
 .ARM.attributes
                0x000000000000041c       0x2d C:/ST/STM32CubeIDE_1.14.0/STM32CubeIDE/plugins/com.st.stm32cube.ide.mcu.externaltools.gnu-tools-for-stm32.11.3.rel1.win32_1.1.100.202309141235/tools/bin/../lib/gcc/arm-none-eabi/11.3.1/../../../../arm-none-eabi/lib/thumb/v7-m/nofp\libc_nano.a(libc_a-mallocr.o)
 .ARM.attributes
                0x0000000000000449       0x2d C:/ST/STM32CubeIDE_1.14.0/STM32CubeIDE/plugins/com.st.stm32cube.ide.mcu.externaltools.gnu-tools-for-stm32.11.3.rel1.win32_1.1.100.202309141235/tools/bin/../lib/gcc/arm-none-eabi/11.3.1/../../../../arm-none-eabi/lib/thumb/v7-m/nofp\libc_nano.a(libc_a-mlock.o)
 .ARM.attributes
                0x0000000000000476       0x2d C:/ST/STM32CubeIDE_1.14.0/STM32CubeIDE/plugins/com.st.stm32cube.ide.mcu.externaltools.gnu-tools-for-stm32.11.3.rel1.win32_1.1.100.202309141235/tools/bin/../lib/gcc/arm-none-eabi/11.3.1/../../../../arm-none-eabi/lib/thumb/v7-m/nofp\libc_nano.a(libc_a-findfp.o)
 .ARM.attributes
                0x00000000000004a3       0x2d C:/ST/STM32CubeIDE_1.14.0/STM32CubeIDE/plugins/com.st.stm32cube.ide.mcu.externaltools.gnu-tools-for-stm32.11.3.rel1.win32_1.1.100.202309141235/tools/bin/../lib/gcc/arm-none-eabi/11.3.1/../../../../arm-none-eabi/lib/thumb/v7-m/nofp\libc_nano.a(libc_a-memset.o)
 .ARM.attributes
                0x00000000000004d0       0x2d C:/ST/STM32CubeIDE_1.14.0/STM32CubeIDE/plugins/com.st.stm32cube.ide.mcu.externaltools.gnu-tools-for-stm32.11.3.rel1.win32_1.1.100.202309141235/tools/bin/../lib/gcc/arm-none-eabi/11.3.1/../../../../arm-none-eabi/lib/thumb/v7-m/nofp\libc_nano.a(libc_a-reent.o)
 .ARM.attributes
                0x00000000000004fd       0x2d C:/ST/STM32CubeIDE_1.14.0/STM32CubeIDE/plugins/com.st.stm32cube.ide.mcu.externaltools.gnu-tools-for-stm32.11.3.rel1.win32_1.1.100.202309141235/tools/bin/../lib/gcc/arm-none-eabi/11.3.1/../../../../arm-none-eabi/lib/thumb/v7-m/nofp\libc_nano.a(libc_a-impure.o)
 .ARM.attributes
                0x000000000000052a       0x2d C:/ST/STM32CubeIDE_1.14.0/STM32CubeIDE/plugins/com.st.stm32cube.ide.mcu.externaltools.gnu-tools-for-stm32.11.3.rel1.win32_1.1.100.202309141235/tools/bin/../lib/gcc/arm-none-eabi/11.3.1/../../../../arm-none-eabi/lib/thumb/v7-m/nofp\libc_nano.a(libc_a-sbrkr.o)
 .ARM.attributes
                0x0000000000000557       0x2d C:/ST/STM32CubeIDE_1.14.0/STM32CubeIDE/plugins/com.st.stm32cube.ide.mcu.externaltools.gnu-tools-for-stm32.11.3.rel1.win32_1.1.100.202309141235/tools/bin/../lib/gcc/arm-none-eabi/11.3.1/../../../../arm-none-eabi/lib/thumb/v7-m/nofp\libc_nano.a(libc_a-errno.o)
 .ARM.attributes
                0x0000000000000584       0x2d C:/ST/STM32CubeIDE_1.14.0/STM32CubeIDE/plugins/com.st.stm32cube.ide.mcu.externaltools.gnu-tools-for-stm32.11.3.rel1.win32_1.1.100.202309141235/tools/bin/../lib/gcc/arm-none-eabi/11.3.1/../../../../arm-none-eabi/lib/thumb/v7-m/nofp\libc_nano.a(libc_a-init.o)
 .ARM.attributes
                0x00000000000005b1       0x2d C:/ST/STM32CubeIDE_1.14.0/STM32CubeIDE/plugins/com.st.stm32cube.ide.mcu.externaltools.gnu-tools-for-stm32.11.3.rel1.win32_1.1.100.202309141235/tools/bin/../lib/gcc/arm-none-eabi/11.3.1/../../../../arm-none-eabi/lib/thumb/v7-m/nofp\libc_nano.a(libc_a-lock.o)
 .ARM.attributes
                0x00000000000005de       0x2d C:/ST/STM32CubeIDE_1.14.0/STM32CubeIDE/plugins/com.st.stm32cube.ide.mcu.externaltools.gnu-tools-for-stm32.11.3.rel1.win32_1.1.100.202309141235/tools/bin/../lib/gcc/arm-none-eabi/11.3.1/../../../../arm-none-eabi/lib/thumb/v7-m/nofp\libc_nano.a(libc_a-freer.o)
 .ARM.attributes
                0x000000000000060b       0x1d C:/ST/STM32CubeIDE_1.14.0/STM32CubeIDE/plugins/com.st.stm32cube.ide.mcu.externaltools.gnu-tools-for-stm32.11.3.rel1.win32_1.1.100.202309141235/tools/bin/../lib/gcc/arm-none-eabi/11.3.1/thumb/v7-m/nofp/crtn.o
OUTPUT(Lab4_Scheduler.elf elf32-littlearm)
LOAD linker stubs
LOAD C:/ST/STM32CubeIDE_1.14.0/STM32CubeIDE/plugins/com.st.stm32cube.ide.mcu.externaltools.gnu-tools-for-stm32.11.3.rel1.win32_1.1.100.202309141235/tools/bin/../lib/gcc/arm-none-eabi/11.3.1/../../../../arm-none-eabi/lib/thumb/v7-m/nofp\libc.a
LOAD C:/ST/STM32CubeIDE_1.14.0/STM32CubeIDE/plugins/com.st.stm32cube.ide.mcu.externaltools.gnu-tools-for-stm32.11.3.rel1.win32_1.1.100.202309141235/tools/bin/../lib/gcc/arm-none-eabi/11.3.1/../../../../arm-none-eabi/lib/thumb/v7-m/nofp\libm.a
LOAD C:/ST/STM32CubeIDE_1.14.0/STM32CubeIDE/plugins/com.st.stm32cube.ide.mcu.externaltools.gnu-tools-for-stm32.11.3.rel1.win32_1.1.100.202309141235/tools/bin/../lib/gcc/arm-none-eabi/11.3.1/thumb/v7-m/nofp\libgcc.a

.comment        0x0000000000000000       0x43
 .comment       0x0000000000000000       0x43 C:/ST/STM32CubeIDE_1.14.0/STM32CubeIDE/plugins/com.st.stm32cube.ide.mcu.externaltools.gnu-tools-for-stm32.11.3.rel1.win32_1.1.100.202309141235/tools/bin/../lib/gcc/arm-none-eabi/11.3.1/thumb/v7-m/nofp/crtbegin.o
                                         0x44 (size before relaxing)
 .comment       0x0000000000000043       0x44 ./Core/Src/auto_mode.o
 .comment       0x0000000000000043       0x44 ./Core/Src/button.o
 .comment       0x0000000000000043       0x44 ./Core/Src/configure_mode.o
 .comment       0x0000000000000043       0x44 ./Core/Src/control_display.o
 .comment       0x0000000000000043       0x44 ./Core/Src/global.o
 .comment       0x0000000000000043       0x44 ./Core/Src/main.o
 .comment       0x0000000000000043       0x44 ./Core/Src/scheduler.o
 .comment       0x0000000000000043       0x44 ./Core/Src/software_timer.o
 .comment       0x0000000000000043       0x44 ./Core/Src/stm32f1xx_hal_msp.o
 .comment       0x0000000000000043       0x44 ./Core/Src/stm32f1xx_it.o
 .comment       0x0000000000000043       0x44 ./Core/Src/sysmem.o
 .comment       0x0000000000000043       0x44 ./Core/Src/system_stm32f1xx.o
 .comment       0x0000000000000043       0x44 ./Core/Src/trafic_light.o
 .comment       0x0000000000000043       0x44 ./Drivers/STM32F1xx_HAL_Driver/Src/stm32f1xx_hal.o
 .comment       0x0000000000000043       0x44 ./Drivers/STM32F1xx_HAL_Driver/Src/stm32f1xx_hal_cortex.o
 .comment       0x0000000000000043       0x44 ./Drivers/STM32F1xx_HAL_Driver/Src/stm32f1xx_hal_gpio.o
 .comment       0x0000000000000043       0x44 ./Drivers/STM32F1xx_HAL_Driver/Src/stm32f1xx_hal_pwr.o
 .comment       0x0000000000000043       0x44 ./Drivers/STM32F1xx_HAL_Driver/Src/stm32f1xx_hal_rcc.o
 .comment       0x0000000000000043       0x44 ./Drivers/STM32F1xx_HAL_Driver/Src/stm32f1xx_hal_tim.o
 .comment       0x0000000000000043       0x44 ./Drivers/STM32F1xx_HAL_Driver/Src/stm32f1xx_hal_tim_ex.o

.debug_info     0x0000000000000000     0x9def
 .debug_info    0x0000000000000000      0x27f ./Core/Src/auto_mode.o
 .debug_info    0x000000000000027f      0x39c ./Core/Src/button.o
 .debug_info    0x000000000000061b      0x363 ./Core/Src/configure_mode.o
 .debug_info    0x000000000000097e      0x1fb ./Core/Src/control_display.o
 .debug_info    0x0000000000000b79      0x250 ./Core/Src/global.o
 .debug_info    0x0000000000000dc9      0xc69 ./Core/Src/main.o
 .debug_info    0x0000000000001a32      0x41f ./Core/Src/scheduler.o
 .debug_info    0x0000000000001e51      0x6e1 ./Core/Src/software_timer.o
 .debug_info    0x0000000000002532      0x91a ./Core/Src/stm32f1xx_hal_msp.o
 .debug_info    0x0000000000002e4c      0x6a1 ./Core/Src/stm32f1xx_it.o
 .debug_info    0x00000000000034ed      0x168 ./Core/Src/sysmem.o
 .debug_info    0x0000000000003655      0x222 ./Core/Src/system_stm32f1xx.o
 .debug_info    0x0000000000003877      0x26a ./Core/Src/trafic_light.o
 .debug_info    0x0000000000003ae1       0x23 ./Core/Startup/startup_stm32f103c6ux.o
 .debug_info    0x0000000000003b04      0x6e6 ./Drivers/STM32F1xx_HAL_Driver/Src/stm32f1xx_hal.o
 .debug_info    0x00000000000041ea      0xa69 ./Drivers/STM32F1xx_HAL_Driver/Src/stm32f1xx_hal_cortex.o
 .debug_info    0x0000000000004c53      0x5ab ./Drivers/STM32F1xx_HAL_Driver/Src/stm32f1xx_hal_gpio.o
 .debug_info    0x00000000000051fe      0x628 ./Drivers/STM32F1xx_HAL_Driver/Src/stm32f1xx_hal_pwr.o
 .debug_info    0x0000000000005826      0x7d5 ./Drivers/STM32F1xx_HAL_Driver/Src/stm32f1xx_hal_rcc.o
 .debug_info    0x0000000000005ffb     0x2959 ./Drivers/STM32F1xx_HAL_Driver/Src/stm32f1xx_hal_tim.o
 .debug_info    0x0000000000008954     0x149b ./Drivers/STM32F1xx_HAL_Driver/Src/stm32f1xx_hal_tim_ex.o

.debug_abbrev   0x0000000000000000     0x23c8
 .debug_abbrev  0x0000000000000000      0x140 ./Core/Src/auto_mode.o
 .debug_abbrev  0x0000000000000140      0x18a ./Core/Src/button.o
 .debug_abbrev  0x00000000000002ca      0x16f ./Core/Src/configure_mode.o
 .debug_abbrev  0x0000000000000439      0x162 ./Core/Src/control_display.o
 .debug_abbrev  0x000000000000059b       0xc6 ./Core/Src/global.o
 .debug_abbrev  0x0000000000000661      0x2b9 ./Core/Src/main.o
 .debug_abbrev  0x000000000000091a      0x1f6 ./Core/Src/scheduler.o
 .debug_abbrev  0x0000000000000b10      0x1dd ./Core/Src/software_timer.o
 .debug_abbrev  0x0000000000000ced      0x1ad ./Core/Src/stm32f1xx_hal_msp.o
 .debug_abbrev  0x0000000000000e9a      0x191 ./Core/Src/stm32f1xx_it.o
 .debug_abbrev  0x000000000000102b       0xbc ./Core/Src/sysmem.o
 .debug_abbrev  0x00000000000010e7      0x13f ./Core/Src/system_stm32f1xx.o
 .debug_abbrev  0x0000000000001226      0x12b ./Core/Src/trafic_light.o
 .debug_abbrev  0x0000000000001351       0x12 ./Core/Startup/startup_stm32f103c6ux.o
 .debug_abbrev  0x0000000000001363      0x201 ./Drivers/STM32F1xx_HAL_Driver/Src/stm32f1xx_hal.o
 .debug_abbrev  0x0000000000001564      0x2f8 ./Drivers/STM32F1xx_HAL_Driver/Src/stm32f1xx_hal_cortex.o
 .debug_abbrev  0x000000000000185c      0x1ca ./Drivers/STM32F1xx_HAL_Driver/Src/stm32f1xx_hal_gpio.o
 .debug_abbrev  0x0000000000001a26      0x1f6 ./Drivers/STM32F1xx_HAL_Driver/Src/stm32f1xx_hal_pwr.o
 .debug_abbrev  0x0000000000001c1c      0x2b3 ./Drivers/STM32F1xx_HAL_Driver/Src/stm32f1xx_hal_rcc.o
 .debug_abbrev  0x0000000000001ecf      0x277 ./Drivers/STM32F1xx_HAL_Driver/Src/stm32f1xx_hal_tim.o
 .debug_abbrev  0x0000000000002146      0x282 ./Drivers/STM32F1xx_HAL_Driver/Src/stm32f1xx_hal_tim_ex.o

.debug_aranges  0x0000000000000000      0xba0
 .debug_aranges
                0x0000000000000000       0x20 ./Core/Src/auto_mode.o
 .debug_aranges
                0x0000000000000020       0x58 ./Core/Src/button.o
 .debug_aranges
                0x0000000000000078       0x20 ./Core/Src/configure_mode.o
 .debug_aranges
                0x0000000000000098       0x28 ./Core/Src/control_display.o
 .debug_aranges
                0x00000000000000c0       0x20 ./Core/Src/global.o
 .debug_aranges
                0x00000000000000e0       0x58 ./Core/Src/main.o
 .debug_aranges
                0x0000000000000138       0x60 ./Core/Src/scheduler.o
 .debug_aranges
                0x0000000000000198       0x38 ./Core/Src/software_timer.o
 .debug_aranges
                0x00000000000001d0       0x30 ./Core/Src/stm32f1xx_hal_msp.o
 .debug_aranges
                0x0000000000000200       0x68 ./Core/Src/stm32f1xx_it.o
 .debug_aranges
                0x0000000000000268       0x20 ./Core/Src/sysmem.o
 .debug_aranges
                0x0000000000000288       0x28 ./Core/Src/system_stm32f1xx.o
 .debug_aranges
                0x00000000000002b0       0x20 ./Core/Src/trafic_light.o
 .debug_aranges
                0x00000000000002d0       0x28 ./Core/Startup/startup_stm32f103c6ux.o
 .debug_aranges
                0x00000000000002f8       0xe0 ./Drivers/STM32F1xx_HAL_Driver/Src/stm32f1xx_hal.o
 .debug_aranges
                0x00000000000003d8      0x100 ./Drivers/STM32F1xx_HAL_Driver/Src/stm32f1xx_hal_cortex.o
 .debug_aranges
                0x00000000000004d8       0x58 ./Drivers/STM32F1xx_HAL_Driver/Src/stm32f1xx_hal_gpio.o
 .debug_aranges
                0x0000000000000530       0xa8 ./Drivers/STM32F1xx_HAL_Driver/Src/stm32f1xx_hal_pwr.o
 .debug_aranges
                0x00000000000005d8       0x90 ./Drivers/STM32F1xx_HAL_Driver/Src/stm32f1xx_hal_rcc.o
 .debug_aranges
                0x0000000000000668      0x3d0 ./Drivers/STM32F1xx_HAL_Driver/Src/stm32f1xx_hal_tim.o
 .debug_aranges
                0x0000000000000a38      0x168 ./Drivers/STM32F1xx_HAL_Driver/Src/stm32f1xx_hal_tim_ex.o

.debug_rnglists
                0x0000000000000000      0x8c4
 .debug_rnglists
                0x0000000000000000       0x14 ./Core/Src/auto_mode.o
 .debug_rnglists
                0x0000000000000014       0x3e ./Core/Src/button.o
 .debug_rnglists
                0x0000000000000052       0x14 ./Core/Src/configure_mode.o
 .debug_rnglists
                0x0000000000000066       0x1a ./Core/Src/control_display.o
 .debug_rnglists
                0x0000000000000080       0x13 ./Core/Src/global.o
 .debug_rnglists
                0x0000000000000093       0x40 ./Core/Src/main.o
 .debug_rnglists
                0x00000000000000d3       0x48 ./Core/Src/scheduler.o
 .debug_rnglists
                0x000000000000011b       0x25 ./Core/Src/software_timer.o
 .debug_rnglists
                0x0000000000000140       0x1f ./Core/Src/stm32f1xx_hal_msp.o
 .debug_rnglists
                0x000000000000015f       0x49 ./Core/Src/stm32f1xx_it.o
 .debug_rnglists
                0x00000000000001a8       0x13 ./Core/Src/sysmem.o
 .debug_rnglists
                0x00000000000001bb       0x1a ./Core/Src/system_stm32f1xx.o
 .debug_rnglists
                0x00000000000001d5       0x14 ./Core/Src/trafic_light.o
 .debug_rnglists
                0x00000000000001e9       0x19 ./Core/Startup/startup_stm32f103c6ux.o
 .debug_rnglists
                0x0000000000000202       0xa3 ./Drivers/STM32F1xx_HAL_Driver/Src/stm32f1xx_hal.o
 .debug_rnglists
                0x00000000000002a5       0xbb ./Drivers/STM32F1xx_HAL_Driver/Src/stm32f1xx_hal_cortex.o
 .debug_rnglists
                0x0000000000000360       0x3f ./Drivers/STM32F1xx_HAL_Driver/Src/stm32f1xx_hal_gpio.o
 .debug_rnglists
                0x000000000000039f       0x7a ./Drivers/STM32F1xx_HAL_Driver/Src/stm32f1xx_hal_pwr.o
 .debug_rnglists
                0x0000000000000419       0x6c ./Drivers/STM32F1xx_HAL_Driver/Src/stm32f1xx_hal_rcc.o
 .debug_rnglists
                0x0000000000000485      0x31a ./Drivers/STM32F1xx_HAL_Driver/Src/stm32f1xx_hal_tim.o
 .debug_rnglists
                0x000000000000079f      0x125 ./Drivers/STM32F1xx_HAL_Driver/Src/stm32f1xx_hal_tim_ex.o

.debug_macro    0x0000000000000000    0x181e3
 .debug_macro   0x0000000000000000      0x1d7 ./Core/Src/auto_mode.o
 .debug_macro   0x00000000000001d7      0xa9c ./Core/Src/auto_mode.o
 .debug_macro   0x0000000000000c73      0x215 ./Core/Src/auto_mode.o
 .debug_macro   0x0000000000000e88       0x2e ./Core/Src/auto_mode.o
 .debug_macro   0x0000000000000eb6       0x22 ./Core/Src/auto_mode.o
 .debug_macro   0x0000000000000ed8       0x22 ./Core/Src/auto_mode.o
 .debug_macro   0x0000000000000efa       0x8e ./Core/Src/auto_mode.o
 .debug_macro   0x0000000000000f88       0x51 ./Core/Src/auto_mode.o
 .debug_macro   0x0000000000000fd9      0x103 ./Core/Src/auto_mode.o
 .debug_macro   0x00000000000010dc       0x6a ./Core/Src/auto_mode.o
 .debug_macro   0x0000000000001146      0x1df ./Core/Src/auto_mode.o
 .debug_macro   0x0000000000001325       0x1c ./Core/Src/auto_mode.o
 .debug_macro   0x0000000000001341       0x22 ./Core/Src/auto_mode.o
 .debug_macro   0x0000000000001363       0xbd ./Core/Src/auto_mode.o
 .debug_macro   0x0000000000001420      0xd23 ./Core/Src/auto_mode.o
 .debug_macro   0x0000000000002143     0xde75 ./Core/Src/auto_mode.o
 .debug_macro   0x000000000000ffb8       0x6d ./Core/Src/auto_mode.o
 .debug_macro   0x0000000000010025     0x34a2 ./Core/Src/auto_mode.o
 .debug_macro   0x00000000000134c7      0x174 ./Core/Src/auto_mode.o
 .debug_macro   0x000000000001363b       0x5c ./Core/Src/auto_mode.o
 .debug_macro   0x0000000000013697      0x5bc ./Core/Src/auto_mode.o
 .debug_macro   0x0000000000013c53      0x1b7 ./Core/Src/auto_mode.o
 .debug_macro   0x0000000000013e0a      0x1cb ./Core/Src/auto_mode.o
 .debug_macro   0x0000000000013fd5      0x114 ./Core/Src/auto_mode.o
 .debug_macro   0x00000000000140e9      0x1b2 ./Core/Src/auto_mode.o
 .debug_macro   0x000000000001429b       0x27 ./Core/Src/auto_mode.o
 .debug_macro   0x00000000000142c2      0x12f ./Core/Src/auto_mode.o
 .debug_macro   0x00000000000143f1      0x1bc ./Core/Src/auto_mode.o
 .debug_macro   0x00000000000145ad       0x34 ./Core/Src/auto_mode.o
 .debug_macro   0x00000000000145e1       0x3c ./Core/Src/auto_mode.o
 .debug_macro   0x000000000001461d       0x57 ./Core/Src/auto_mode.o
 .debug_macro   0x0000000000014674       0x87 ./Core/Src/auto_mode.o
 .debug_macro   0x00000000000146fb      0x183 ./Core/Src/auto_mode.o
 .debug_macro   0x000000000001487e      0x140 ./Core/Src/auto_mode.o
 .debug_macro   0x00000000000149be      0x8ed ./Core/Src/auto_mode.o
 .debug_macro   0x00000000000152ab       0x69 ./Core/Src/auto_mode.o
 .debug_macro   0x0000000000015314       0x3a ./Core/Src/auto_mode.o
 .debug_macro   0x000000000001534e      0x100 ./Core/Src/auto_mode.o
 .debug_macro   0x000000000001544e      0x1c8 ./Core/Src/button.o
 .debug_macro   0x0000000000015616       0x10 ./Core/Src/button.o
 .debug_macro   0x0000000000015626      0x1d3 ./Core/Src/configure_mode.o
 .debug_macro   0x00000000000157f9      0x1c3 ./Core/Src/control_display.o
 .debug_macro   0x00000000000159bc      0x1c2 ./Core/Src/global.o
 .debug_macro   0x0000000000015b7e       0x16 ./Core/Src/global.o
 .debug_macro   0x0000000000015b94      0x2d8 ./Core/Src/main.o
 .debug_macro   0x0000000000015e6c       0x24 ./Core/Src/main.o
 .debug_macro   0x0000000000015e90       0x61 ./Core/Src/main.o
 .debug_macro   0x0000000000015ef1       0x43 ./Core/Src/main.o
 .debug_macro   0x0000000000015f34       0x34 ./Core/Src/main.o
 .debug_macro   0x0000000000015f68       0x16 ./Core/Src/main.o
 .debug_macro   0x0000000000015f7e       0x35 ./Core/Src/main.o
 .debug_macro   0x0000000000015fb3       0x16 ./Core/Src/main.o
 .debug_macro   0x0000000000015fc9       0x43 ./Core/Src/main.o
 .debug_macro   0x000000000001600c       0x34 ./Core/Src/main.o
 .debug_macro   0x0000000000016040       0x10 ./Core/Src/main.o
 .debug_macro   0x0000000000016050       0x58 ./Core/Src/main.o
 .debug_macro   0x00000000000160a8       0x8e ./Core/Src/main.o
 .debug_macro   0x0000000000016136       0x1c ./Core/Src/main.o
 .debug_macro   0x0000000000016152      0x177 ./Core/Src/main.o
 .debug_macro   0x00000000000162c9      0x369 ./Core/Src/main.o
 .debug_macro   0x0000000000016632       0x16 ./Core/Src/main.o
 .debug_macro   0x0000000000016648       0x29 ./Core/Src/main.o
 .debug_macro   0x0000000000016671      0x295 ./Core/Src/scheduler.o
 .debug_macro   0x0000000000016906      0x29f ./Core/Src/software_timer.o
 .debug_macro   0x0000000000016ba5      0x1b9 ./Core/Src/stm32f1xx_hal_msp.o
 .debug_macro   0x0000000000016d5e      0x1c3 ./Core/Src/stm32f1xx_it.o
 .debug_macro   0x0000000000016f21       0xff ./Core/Src/sysmem.o
 .debug_macro   0x0000000000017020      0x23c ./Core/Src/sysmem.o
 .debug_macro   0x000000000001725c      0x197 ./Core/Src/system_stm32f1xx.o
 .debug_macro   0x00000000000173f3      0x1cd ./Core/Src/trafic_light.o
 .debug_macro   0x00000000000175c0      0x1bb ./Drivers/STM32F1xx_HAL_Driver/Src/stm32f1xx_hal.o
 .debug_macro   0x000000000001777b      0x197 ./Drivers/STM32F1xx_HAL_Driver/Src/stm32f1xx_hal_cortex.o
 .debug_macro   0x0000000000017912      0x202 ./Drivers/STM32F1xx_HAL_Driver/Src/stm32f1xx_hal_gpio.o
 .debug_macro   0x0000000000017b14      0x1f7 ./Drivers/STM32F1xx_HAL_Driver/Src/stm32f1xx_hal_pwr.o
 .debug_macro   0x0000000000017d0b      0x1a9 ./Drivers/STM32F1xx_HAL_Driver/Src/stm32f1xx_hal_rcc.o
 .debug_macro   0x0000000000017eb4      0x198 ./Drivers/STM32F1xx_HAL_Driver/Src/stm32f1xx_hal_tim.o
 .debug_macro   0x000000000001804c      0x197 ./Drivers/STM32F1xx_HAL_Driver/Src/stm32f1xx_hal_tim_ex.o

.debug_line     0x0000000000000000     0xeda6
 .debug_line    0x0000000000000000      0x763 ./Core/Src/auto_mode.o
 .debug_line    0x0000000000000763      0x88d ./Core/Src/button.o
 .debug_line    0x0000000000000ff0      0x837 ./Core/Src/configure_mode.o
 .debug_line    0x0000000000001827      0x82b ./Core/Src/control_display.o
 .debug_line    0x0000000000002052      0x6f6 ./Core/Src/global.o
 .debug_line    0x0000000000002748      0xa3a ./Core/Src/main.o
 .debug_line    0x0000000000003182      0xb99 ./Core/Src/scheduler.o
 .debug_line    0x0000000000003d1b      0x8fd ./Core/Src/software_timer.o
 .debug_line    0x0000000000004618      0x735 ./Core/Src/stm32f1xx_hal_msp.o
 .debug_line    0x0000000000004d4d      0x7d3 ./Core/Src/stm32f1xx_it.o
 .debug_line    0x0000000000005520      0x583 ./Core/Src/sysmem.o
 .debug_line    0x0000000000005aa3      0x76b ./Core/Src/system_stm32f1xx.o
 .debug_line    0x000000000000620e      0x824 ./Core/Src/trafic_light.o
 .debug_line    0x0000000000006a32       0x78 ./Core/Startup/startup_stm32f103c6ux.o
 .debug_line    0x0000000000006aaa      0x998 ./Drivers/STM32F1xx_HAL_Driver/Src/stm32f1xx_hal.o
 .debug_line    0x0000000000007442      0xb80 ./Drivers/STM32F1xx_HAL_Driver/Src/stm32f1xx_hal_cortex.o
 .debug_line    0x0000000000007fc2      0xa1c ./Drivers/STM32F1xx_HAL_Driver/Src/stm32f1xx_hal_gpio.o
 .debug_line    0x00000000000089de      0x91a ./Drivers/STM32F1xx_HAL_Driver/Src/stm32f1xx_hal_pwr.o
 .debug_line    0x00000000000092f8      0xda1 ./Drivers/STM32F1xx_HAL_Driver/Src/stm32f1xx_hal_rcc.o
 .debug_line    0x000000000000a099     0x3456 ./Drivers/STM32F1xx_HAL_Driver/Src/stm32f1xx_hal_tim.o
 .debug_line    0x000000000000d4ef     0x18b7 ./Drivers/STM32F1xx_HAL_Driver/Src/stm32f1xx_hal_tim_ex.o

.debug_str      0x0000000000000000    0x86234
 .debug_str     0x0000000000000000    0x7f884 ./Core/Src/auto_mode.o
                                      0x7fc1f (size before relaxing)
 .debug_str     0x000000000007f884      0x15f ./Core/Src/button.o
                                      0x7fc9b (size before relaxing)
 .debug_str     0x000000000007f9e3       0x95 ./Core/Src/configure_mode.o
                                      0x7fc5e (size before relaxing)
 .debug_str     0x000000000007fa78       0x3b ./Core/Src/control_display.o
                                      0x7fb56 (size before relaxing)
 .debug_str     0x000000000007fab3       0x6e ./Core/Src/global.o
                                      0x7fbed (size before relaxing)
 .debug_str     0x000000000007fb21     0x39c3 ./Core/Src/main.o
                                      0x83679 (size before relaxing)
 .debug_str     0x00000000000834e4       0xfa ./Core/Src/scheduler.o
                                      0x82dd7 (size before relaxing)
 .debug_str     0x00000000000835de       0x55 ./Core/Src/software_timer.o
                                      0x831c6 (size before relaxing)
 .debug_str     0x0000000000083633      0x300 ./Core/Src/stm32f1xx_hal_msp.o
                                      0x802f0 (size before relaxing)
 .debug_str     0x0000000000083933       0xec ./Core/Src/stm32f1xx_it.o
                                      0x8002b (size before relaxing)
 .debug_str     0x0000000000083a1f      0x4dc ./Core/Src/sysmem.o
                                       0x6031 (size before relaxing)
 .debug_str     0x0000000000083efb       0x7e ./Core/Src/system_stm32f1xx.o
                                      0x7f700 (size before relaxing)
 .debug_str     0x0000000000083f79       0x1b ./Core/Src/trafic_light.o
                                      0x7fbd3 (size before relaxing)
 .debug_str     0x0000000000083f94       0x34 ./Core/Startup/startup_stm32f103c6ux.o
                                         0x9b (size before relaxing)
 .debug_str     0x0000000000083fc8      0x38e ./Drivers/STM32F1xx_HAL_Driver/Src/stm32f1xx_hal.o
                                      0x7fdf9 (size before relaxing)
 .debug_str     0x0000000000084356      0x28a ./Drivers/STM32F1xx_HAL_Driver/Src/stm32f1xx_hal_cortex.o
                                      0x7fd45 (size before relaxing)
 .debug_str     0x00000000000845e0      0x2cd ./Drivers/STM32F1xx_HAL_Driver/Src/stm32f1xx_hal_gpio.o
                                      0x7fa86 (size before relaxing)
 .debug_str     0x00000000000848ad      0x4f7 ./Drivers/STM32F1xx_HAL_Driver/Src/stm32f1xx_hal_pwr.o
                                      0x7fc37 (size before relaxing)
 .debug_str     0x0000000000084da4      0x21d ./Drivers/STM32F1xx_HAL_Driver/Src/stm32f1xx_hal_rcc.o
                                      0x7fb2f (size before relaxing)
 .debug_str     0x0000000000084fc1      0xde0 ./Drivers/STM32F1xx_HAL_Driver/Src/stm32f1xx_hal_tim.o
                                      0x80b31 (size before relaxing)
 .debug_str     0x0000000000085da1      0x493 ./Drivers/STM32F1xx_HAL_Driver/Src/stm32f1xx_hal_tim_ex.o
                                      0x8033d (size before relaxing)

.debug_frame    0x0000000000000000     0x3060
 .debug_frame   0x0000000000000000       0x2c ./Core/Src/auto_mode.o
 .debug_frame   0x000000000000002c      0x14c ./Core/Src/button.o
 .debug_frame   0x0000000000000178       0x38 ./Core/Src/configure_mode.o
 .debug_frame   0x00000000000001b0       0x58 ./Core/Src/control_display.o
 .debug_frame   0x0000000000000208       0x2c ./Core/Src/global.o
 .debug_frame   0x0000000000000234      0x108 ./Core/Src/main.o
 .debug_frame   0x000000000000033c      0x14c ./Core/Src/scheduler.o
 .debug_frame   0x0000000000000488       0xac ./Core/Src/software_timer.o
 .debug_frame   0x0000000000000534       0x80 ./Core/Src/stm32f1xx_hal_msp.o
 .debug_frame   0x00000000000005b4      0x120 ./Core/Src/stm32f1xx_it.o
 .debug_frame   0x00000000000006d4       0x34 ./Core/Src/sysmem.o
 .debug_frame   0x0000000000000708       0x58 ./Core/Src/system_stm32f1xx.o
 .debug_frame   0x0000000000000760       0x38 ./Core/Src/trafic_light.o
 .debug_frame   0x0000000000000798      0x334 ./Drivers/STM32F1xx_HAL_Driver/Src/stm32f1xx_hal.o
 .debug_frame   0x0000000000000acc      0x428 ./Drivers/STM32F1xx_HAL_Driver/Src/stm32f1xx_hal_cortex.o
 .debug_frame   0x0000000000000ef4      0x14c ./Drivers/STM32F1xx_HAL_Driver/Src/stm32f1xx_hal_gpio.o
 .debug_frame   0x0000000000001040      0x270 ./Drivers/STM32F1xx_HAL_Driver/Src/stm32f1xx_hal_pwr.o
 .debug_frame   0x00000000000012b0      0x218 ./Drivers/STM32F1xx_HAL_Driver/Src/stm32f1xx_hal_rcc.o
 .debug_frame   0x00000000000014c8     0x11b4 ./Drivers/STM32F1xx_HAL_Driver/Src/stm32f1xx_hal_tim.o
 .debug_frame   0x000000000000267c      0x638 ./Drivers/STM32F1xx_HAL_Driver/Src/stm32f1xx_hal_tim_ex.o
 .debug_frame   0x0000000000002cb4       0x30 C:/ST/STM32CubeIDE_1.14.0/STM32CubeIDE/plugins/com.st.stm32cube.ide.mcu.externaltools.gnu-tools-for-stm32.11.3.rel1.win32_1.1.100.202309141235/tools/bin/../lib/gcc/arm-none-eabi/11.3.1/../../../../arm-none-eabi/lib/thumb/v7-m/nofp\libc_nano.a(libc_a-malloc.o)
 .debug_frame   0x0000000000002ce4       0x50 C:/ST/STM32CubeIDE_1.14.0/STM32CubeIDE/plugins/com.st.stm32cube.ide.mcu.externaltools.gnu-tools-for-stm32.11.3.rel1.win32_1.1.100.202309141235/tools/bin/../lib/gcc/arm-none-eabi/11.3.1/../../../../arm-none-eabi/lib/thumb/v7-m/nofp\libc_nano.a(libc_a-mallocr.o)
 .debug_frame   0x0000000000002d34       0x30 C:/ST/STM32CubeIDE_1.14.0/STM32CubeIDE/plugins/com.st.stm32cube.ide.mcu.externaltools.gnu-tools-for-stm32.11.3.rel1.win32_1.1.100.202309141235/tools/bin/../lib/gcc/arm-none-eabi/11.3.1/../../../../arm-none-eabi/lib/thumb/v7-m/nofp\libc_nano.a(libc_a-mlock.o)
 .debug_frame   0x0000000000002d64      0x144 C:/ST/STM32CubeIDE_1.14.0/STM32CubeIDE/plugins/com.st.stm32cube.ide.mcu.externaltools.gnu-tools-for-stm32.11.3.rel1.win32_1.1.100.202309141235/tools/bin/../lib/gcc/arm-none-eabi/11.3.1/../../../../arm-none-eabi/lib/thumb/v7-m/nofp\libc_nano.a(libc_a-findfp.o)
 .debug_frame   0x0000000000002ea8       0x20 C:/ST/STM32CubeIDE_1.14.0/STM32CubeIDE/plugins/com.st.stm32cube.ide.mcu.externaltools.gnu-tools-for-stm32.11.3.rel1.win32_1.1.100.202309141235/tools/bin/../lib/gcc/arm-none-eabi/11.3.1/../../../../arm-none-eabi/lib/thumb/v7-m/nofp\libc_nano.a(libc_a-memset.o)
 .debug_frame   0x0000000000002ec8       0x38 C:/ST/STM32CubeIDE_1.14.0/STM32CubeIDE/plugins/com.st.stm32cube.ide.mcu.externaltools.gnu-tools-for-stm32.11.3.rel1.win32_1.1.100.202309141235/tools/bin/../lib/gcc/arm-none-eabi/11.3.1/../../../../arm-none-eabi/lib/thumb/v7-m/nofp\libc_nano.a(libc_a-reent.o)
 .debug_frame   0x0000000000002f00       0x2c C:/ST/STM32CubeIDE_1.14.0/STM32CubeIDE/plugins/com.st.stm32cube.ide.mcu.externaltools.gnu-tools-for-stm32.11.3.rel1.win32_1.1.100.202309141235/tools/bin/../lib/gcc/arm-none-eabi/11.3.1/../../../../arm-none-eabi/lib/thumb/v7-m/nofp\libc_nano.a(libc_a-sbrkr.o)
 .debug_frame   0x0000000000002f2c       0x20 C:/ST/STM32CubeIDE_1.14.0/STM32CubeIDE/plugins/com.st.stm32cube.ide.mcu.externaltools.gnu-tools-for-stm32.11.3.rel1.win32_1.1.100.202309141235/tools/bin/../lib/gcc/arm-none-eabi/11.3.1/../../../../arm-none-eabi/lib/thumb/v7-m/nofp\libc_nano.a(libc_a-errno.o)
 .debug_frame   0x0000000000002f4c       0x2c C:/ST/STM32CubeIDE_1.14.0/STM32CubeIDE/plugins/com.st.stm32cube.ide.mcu.externaltools.gnu-tools-for-stm32.11.3.rel1.win32_1.1.100.202309141235/tools/bin/../lib/gcc/arm-none-eabi/11.3.1/../../../../arm-none-eabi/lib/thumb/v7-m/nofp\libc_nano.a(libc_a-init.o)
 .debug_frame   0x0000000000002f78       0xb0 C:/ST/STM32CubeIDE_1.14.0/STM32CubeIDE/plugins/com.st.stm32cube.ide.mcu.externaltools.gnu-tools-for-stm32.11.3.rel1.win32_1.1.100.202309141235/tools/bin/../lib/gcc/arm-none-eabi/11.3.1/../../../../arm-none-eabi/lib/thumb/v7-m/nofp\libc_nano.a(libc_a-lock.o)
 .debug_frame   0x0000000000003028       0x38 C:/ST/STM32CubeIDE_1.14.0/STM32CubeIDE/plugins/com.st.stm32cube.ide.mcu.externaltools.gnu-tools-for-stm32.11.3.rel1.win32_1.1.100.202309141235/tools/bin/../lib/gcc/arm-none-eabi/11.3.1/../../../../arm-none-eabi/lib/thumb/v7-m/nofp\libc_nano.a(libc_a-freer.o)

.debug_line_str
                0x0000000000000000       0x8f
 .debug_line_str
                0x0000000000000000       0x8f ./Core/Startup/startup_stm32f103c6ux.o
                                         0xa7 (size before relaxing)
