../Core/Src/main.c:74:6:display7SEG	16	static
../Core/Src/main.c:172:6:setTimer	16	static
../Core/Src/main.c:178:6:timer_run	16	static
../Core/Src/main.c:189:5:istimer_flag	16	static
../Core/Src/main.c:220:6:update7SEG	16	static
../Core/Src/main.c:263:7:updateLEDMatrix	24	static
../Core/Src/main.c:403:5:main	8	static
../Core/Src/main.c:540:6:SystemClock_Config	72	static
../Core/Src/main.c:577:13:MX_TIM2_Init	32	static
../Core/Src/main.c:622:13:MX_GPIO_Init	32	static
../Core/Src/main.c:846:6:HAL_TIM_PeriodElapsedCallback	16	static
../Core/Src/main.c:867:6:Error_Handler	4	static,ignoring_inline_asm
