../Core/Src/main.c:78:6:command_parser_fsm	8	static
../Core/Src/main.c:113:6:uart_communiation_fsm	4	static
../Core/Src/main.c:136:6:HAL_UART_RxCpltCallback	16	static
../Core/Src/main.c:153:5:main	8	static
../Core/Src/main.c:215:6:SystemClock_Config	88	static
../Core/Src/main.c:259:13:MX_ADC1_Init	24	static
../Core/Src/main.c:306:13:MX_TIM2_Init	32	static
../Core/Src/main.c:351:13:MX_USART2_UART_Init	8	static
../Core/Src/main.c:384:13:MX_GPIO_Init	32	static
../Core/Src/main.c:415:6:Error_Handler	4	static,ignoring_inline_asm
