\BOOKMARK [1][-]{section.1}{\376\377\000O\000v\000e\000r\000v\000i\000e\000w}{}% 1
\BOOKMARK [1][-]{section.2}{\376\377\000I\000n\000t\000r\000o\000d\000u\000c\000t\000i\000o\000n}{}% 2
\BOOKMARK [2][-]{subsection.2.1}{\376\377\000S\000u\000p\000e\000r\000\040\000L\000o\000o\000p\000\040\000A\000r\000c\000h\000i\000t\000e\000c\000t\000u\000r\000e}{section.2}% 3
\BOOKMARK [2][-]{subsection.2.2}{\376\377\000T\000i\000m\000e\000r\000-\000b\000a\000s\000e\000d\000\040\000i\000n\000t\000e\000r\000r\000u\000p\000t\000s\000\040\000a\000n\000d\000\040\000i\000n\000t\000e\000r\000r\000u\000p\000t\000\040\000s\000e\000r\000v\000i\000c\000e\000\040\000r\000o\000u\000t\000i\000n\000e\000s}{section.2}% 4
\BOOKMARK [1][-]{section.3}{\376\377\000W\000h\000a\000t\000\040\000i\000s\000\040\000a\000\040\000s\000c\000h\000e\000d\000u\000l\000e\000r\000?}{}% 5
\BOOKMARK [2][-]{subsection.3.1}{\376\377\000T\000h\000e\000\040\000c\000o\000-\000o\000p\000e\000r\000a\000t\000i\000v\000e\000\040\000s\000c\000h\000e\000d\000u\000l\000e\000r}{section.3}% 6
\BOOKMARK [2][-]{subsection.3.2}{\376\377\000F\000u\000n\000c\000t\000i\000o\000n\000\040\000p\000o\000i\000n\000t\000e\000r\000s}{section.3}% 7
\BOOKMARK [2][-]{subsection.3.3}{\376\377\000S\000o\000l\000u\000t\000i\000o\000n}{section.3}% 8
\BOOKMARK [3][-]{subsubsection.3.3.1}{\376\377\000O\000v\000e\000r\000v\000i\000e\000w}{subsection.3.3}% 9
\BOOKMARK [3][-]{subsubsection.3.3.2}{\376\377\000T\000h\000e\000\040\000s\000c\000h\000e\000d\000u\000l\000e\000r\000\040\000d\000a\000t\000a\000\040\000s\000t\000r\000u\000c\000t\000u\000r\000e\000\040\000a\000n\000d\000\040\000t\000a\000s\000k\000\040\000a\000r\000r\000a\000y}{subsection.3.3}% 10
\BOOKMARK [3][-]{subsubsection.3.3.3}{\376\377\000T\000h\000e\000\040\000i\000n\000i\000t\000i\000a\000l\000i\000z\000a\000t\000i\000o\000n\000\040\000f\000u\000n\000c\000t\000i\000o\000n}{subsection.3.3}% 11
\BOOKMARK [3][-]{subsubsection.3.3.4}{\376\377\000T\000h\000e\000\040\040\030\000U\000p\000d\000a\000t\000e\040\031\000\040\000f\000u\000n\000c\000t\000i\000o\000n}{subsection.3.3}% 12
\BOOKMARK [3][-]{subsubsection.3.3.5}{\376\377\000T\000h\000e\000\040\040\030\000A\000d\000d\000\040\000T\000a\000s\000k\040\031\000\040\000f\000u\000n\000c\000t\000i\000o\000n}{subsection.3.3}% 13
\BOOKMARK [3][-]{subsubsection.3.3.6}{\376\377\000T\000h\000e\000\040\040\030\000D\000i\000s\000p\000a\000t\000c\000h\000e\000r\040\031}{subsection.3.3}% 14
\BOOKMARK [3][-]{subsubsection.3.3.7}{\376\377\000T\000h\000e\000\040\040\030\000D\000e\000l\000e\000t\000e\000\040\000T\000a\000s\000k\040\031\000\040\000f\000u\000n\000c\000t\000i\000o\000n}{subsection.3.3}% 15
\BOOKMARK [3][-]{subsubsection.3.3.8}{\376\377\000R\000e\000d\000u\000c\000i\000n\000g\000\040\000p\000o\000w\000e\000r\000\040\000c\000o\000n\000s\000u\000m\000p\000t\000i\000o\000n}{subsection.3.3}% 16
\BOOKMARK [3][-]{subsubsection.3.3.9}{\376\377\000R\000e\000p\000o\000r\000t\000i\000n\000g\000\040\000e\000r\000r\000o\000r\000s}{subsection.3.3}% 17
\BOOKMARK [3][-]{subsubsection.3.3.10}{\376\377\000A\000d\000d\000i\000n\000g\000\040\000a\000\040\000w\000a\000t\000c\000h\000d\000o\000g}{subsection.3.3}% 18
\BOOKMARK [3][-]{subsubsection.3.3.11}{\376\377\000R\000e\000l\000i\000a\000b\000i\000l\000i\000t\000y\000\040\000a\000n\000d\000\040\000s\000a\000f\000e\000t\000y\000\040\000i\000m\000p\000l\000i\000c\000a\000t\000i\000o\000n\000s}{subsection.3.3}% 19
\BOOKMARK [3][-]{subsubsection.3.3.12}{\376\377\000P\000o\000r\000t\000a\000b\000i\000l\000i\000t\000y}{subsection.3.3}% 20
\BOOKMARK [1][-]{section.4}{\376\377\000O\000b\000j\000e\000c\000t\000i\000v\000e\000s}{}% 21
\BOOKMARK [1][-]{section.5}{\376\377\000P\000r\000o\000b\000l\000e\000m}{}% 22
\BOOKMARK [2][-]{subsection.5.1}{\376\377\000D\000e\000f\000i\000n\000e\000\040\000a\000n\000d\000\040\000i\000n\000i\000t\000i\000a\000l\000i\000z\000e\000\040\000t\000h\000e\000\040\000v\000a\000r\000i\000a\000b\000l\000e\000s\000\040\000a\000n\000d\000\040\000d\000a\000t\000a\000\040\000s\000t\000r\000u\000c\000t\000u\000r\000e\000s\000\040\000f\000o\000r\000\040\000t\000h\000e\000\040\000s\000c\000h\000e\000d\000u\000l\000e\000r}{section.5}% 23
\BOOKMARK [2][-]{subsection.5.2}{\376\377\000S\000C\000H\000\137\000I\000n\000t\000i\000t}{section.5}% 24
\BOOKMARK [2][-]{subsection.5.3}{\376\377\000S\000C\000H\000\137\000A\000d\000d\000\137\000T\000a\000s\000k}{section.5}% 25
\BOOKMARK [2][-]{subsection.5.4}{\376\377\000S\000C\000H\000\137\000U\000p\000d\000a\000t\000e}{section.5}% 26
\BOOKMARK [2][-]{subsection.5.5}{\376\377\000S\000C\000H\000\137\000D\000i\000s\000p\000a\000t\000c\000h\000\137\000T\000a\000s\000k\000s}{section.5}% 27
\BOOKMARK [2][-]{subsection.5.6}{\376\377\000S\000C\000H\000\137\000D\000e\000l\000e\000t\000e\000\137\000T\000a\000s\000k}{section.5}% 28
\BOOKMARK [2][-]{subsection.5.7}{\376\377\000S\000C\000H\000\137\000G\000o\000\137\000T\000o\000\137\000S\000l\000e\000e\000p}{section.5}% 29
\BOOKMARK [2][-]{subsection.5.8}{\376\377\000i\000n\000\040\000w\000h\000i\000l\000e\000\050\0001\000\051\000\040\000l\000o\000o\000p\000\040\000i\000n\000\040\000m\000a\000i\000n\000.\000c}{section.5}% 30
\BOOKMARK [1][-]{section.6}{\376\377\000D\000e\000m\000o\000n\000s\000t\000r\000a\000t\000i\000o\000n}{}% 31
\BOOKMARK [1][-]{section.7}{\376\377\000S\000u\000b\000m\000i\000s\000s\000i\000o\000n}{}% 32
